Archive member included to satisfy reference by file (symbol)

/opt/st/stm32cubeide_1.16.1_3/plugins/com.st.stm32cube.ide.mcu.externaltools.gnu-tools-for-stm32.12.3.rel1.linux64_1.0.200.202406132123/tools/bin/../lib/gcc/arm-none-eabi/12.3.1/../../../../arm-none-eabi/lib/thumb/v7e-m+fp/hard/libc_nano.a(libc_a-exit.o)
                              /opt/st/stm32cubeide_1.16.1_3/plugins/com.st.stm32cube.ide.mcu.externaltools.gnu-tools-for-stm32.12.3.rel1.linux64_1.0.200.202406132123/tools/bin/../lib/gcc/arm-none-eabi/12.3.1/../../../../arm-none-eabi/lib/thumb/v7e-m+fp/hard/crt0.o (exit)
/opt/st/stm32cubeide_1.16.1_3/plugins/com.st.stm32cube.ide.mcu.externaltools.gnu-tools-for-stm32.12.3.rel1.linux64_1.0.200.202406132123/tools/bin/../lib/gcc/arm-none-eabi/12.3.1/../../../../arm-none-eabi/lib/thumb/v7e-m+fp/hard/libc_nano.a(libc_a-findfp.o)
                              /opt/st/stm32cubeide_1.16.1_3/plugins/com.st.stm32cube.ide.mcu.externaltools.gnu-tools-for-stm32.12.3.rel1.linux64_1.0.200.202406132123/tools/bin/../lib/gcc/arm-none-eabi/12.3.1/../../../../arm-none-eabi/lib/thumb/v7e-m+fp/hard/libc_nano.a(libc_a-exit.o) (__stdio_exit_handler)
/opt/st/stm32cubeide_1.16.1_3/plugins/com.st.stm32cube.ide.mcu.externaltools.gnu-tools-for-stm32.12.3.rel1.linux64_1.0.200.202406132123/tools/bin/../lib/gcc/arm-none-eabi/12.3.1/../../../../arm-none-eabi/lib/thumb/v7e-m+fp/hard/libc_nano.a(libc_a-fwalk.o)
                              /opt/st/stm32cubeide_1.16.1_3/plugins/com.st.stm32cube.ide.mcu.externaltools.gnu-tools-for-stm32.12.3.rel1.linux64_1.0.200.202406132123/tools/bin/../lib/gcc/arm-none-eabi/12.3.1/../../../../arm-none-eabi/lib/thumb/v7e-m+fp/hard/libc_nano.a(libc_a-findfp.o) (_fwalk_sglue)
/opt/st/stm32cubeide_1.16.1_3/plugins/com.st.stm32cube.ide.mcu.externaltools.gnu-tools-for-stm32.12.3.rel1.linux64_1.0.200.202406132123/tools/bin/../lib/gcc/arm-none-eabi/12.3.1/../../../../arm-none-eabi/lib/thumb/v7e-m+fp/hard/libc_nano.a(libc_a-stdio.o)
                              /opt/st/stm32cubeide_1.16.1_3/plugins/com.st.stm32cube.ide.mcu.externaltools.gnu-tools-for-stm32.12.3.rel1.linux64_1.0.200.202406132123/tools/bin/../lib/gcc/arm-none-eabi/12.3.1/../../../../arm-none-eabi/lib/thumb/v7e-m+fp/hard/libc_nano.a(libc_a-findfp.o) (__sread)
/opt/st/stm32cubeide_1.16.1_3/plugins/com.st.stm32cube.ide.mcu.externaltools.gnu-tools-for-stm32.12.3.rel1.linux64_1.0.200.202406132123/tools/bin/../lib/gcc/arm-none-eabi/12.3.1/../../../../arm-none-eabi/lib/thumb/v7e-m+fp/hard/libc_nano.a(libc_a-memset.o)
                              /opt/st/stm32cubeide_1.16.1_3/plugins/com.st.stm32cube.ide.mcu.externaltools.gnu-tools-for-stm32.12.3.rel1.linux64_1.0.200.202406132123/tools/bin/../lib/gcc/arm-none-eabi/12.3.1/../../../../arm-none-eabi/lib/thumb/v7e-m+fp/hard/crt0.o (memset)
/opt/st/stm32cubeide_1.16.1_3/plugins/com.st.stm32cube.ide.mcu.externaltools.gnu-tools-for-stm32.12.3.rel1.linux64_1.0.200.202406132123/tools/bin/../lib/gcc/arm-none-eabi/12.3.1/../../../../arm-none-eabi/lib/thumb/v7e-m+fp/hard/libc_nano.a(libc_a-closer.o)
                              /opt/st/stm32cubeide_1.16.1_3/plugins/com.st.stm32cube.ide.mcu.externaltools.gnu-tools-for-stm32.12.3.rel1.linux64_1.0.200.202406132123/tools/bin/../lib/gcc/arm-none-eabi/12.3.1/../../../../arm-none-eabi/lib/thumb/v7e-m+fp/hard/libc_nano.a(libc_a-stdio.o) (_close_r)
/opt/st/stm32cubeide_1.16.1_3/plugins/com.st.stm32cube.ide.mcu.externaltools.gnu-tools-for-stm32.12.3.rel1.linux64_1.0.200.202406132123/tools/bin/../lib/gcc/arm-none-eabi/12.3.1/../../../../arm-none-eabi/lib/thumb/v7e-m+fp/hard/libc_nano.a(libc_a-reent.o)
                              /opt/st/stm32cubeide_1.16.1_3/plugins/com.st.stm32cube.ide.mcu.externaltools.gnu-tools-for-stm32.12.3.rel1.linux64_1.0.200.202406132123/tools/bin/../lib/gcc/arm-none-eabi/12.3.1/../../../../arm-none-eabi/lib/thumb/v7e-m+fp/hard/libc_nano.a(libc_a-closer.o) (errno)
/opt/st/stm32cubeide_1.16.1_3/plugins/com.st.stm32cube.ide.mcu.externaltools.gnu-tools-for-stm32.12.3.rel1.linux64_1.0.200.202406132123/tools/bin/../lib/gcc/arm-none-eabi/12.3.1/../../../../arm-none-eabi/lib/thumb/v7e-m+fp/hard/libc_nano.a(libc_a-impure.o)
                              /opt/st/stm32cubeide_1.16.1_3/plugins/com.st.stm32cube.ide.mcu.externaltools.gnu-tools-for-stm32.12.3.rel1.linux64_1.0.200.202406132123/tools/bin/../lib/gcc/arm-none-eabi/12.3.1/../../../../arm-none-eabi/lib/thumb/v7e-m+fp/hard/libc_nano.a(libc_a-reent.o) (_impure_ptr)
/opt/st/stm32cubeide_1.16.1_3/plugins/com.st.stm32cube.ide.mcu.externaltools.gnu-tools-for-stm32.12.3.rel1.linux64_1.0.200.202406132123/tools/bin/../lib/gcc/arm-none-eabi/12.3.1/../../../../arm-none-eabi/lib/thumb/v7e-m+fp/hard/libc_nano.a(libc_a-lseekr.o)
[...]
Memory Configuration

Name             Origin             Length             Attributes
RAM              0x20000000         0x00018000         xrw
FLASH            0x08000000         0x00080000         xr
*default*        0x00000000         0xffffffff

Linker script and memory map

LOAD /opt/st/stm32cubeide_1.16.1_3/plugins/com.st.stm32cube.ide.mcu.externaltools.gnu-tools-for-stm32.12.3.rel1.linux64_1.0.200.202406132123/tools/bin/../lib/gcc/arm-none-eabi/12.3.1/thumb/v7e-m+fp/hard/crti.o
LOAD /opt/st/stm32cubeide_1.16.1_3/plugins/com.st.stm32cube.ide.mcu.externaltools.gnu-tools-for-stm32.12.3.rel1.linux64_1.0.200.202406132123/tools/bin/../lib/gcc/arm-none-eabi/12.3.1/thumb/v7e-m+fp/hard/crtbegin.o
LOAD /opt/st/stm32cubeide_1.16.1_3/plugins/com.st.stm32cube.ide.mcu.externaltools.gnu-tools-for-stm32.12.3.rel1.linux64_1.0.200.202406132123/tools/bin/../lib/gcc/arm-none-eabi/12.3.1/../../../../arm-none-eabi/lib/thumb/v7e-m+fp/hard/crt0.o
LOAD ./Core/Src/main.o
LOAD ./Core/Src/stm32f4xx_hal_msp.o
LOAD ./Core/Src/stm32f4xx_it.o
LOAD ./Core/Src/syscalls.o
LOAD ./Core/Src/sysmem.o
LOAD ./Core/Src/system_stm32f4xx.o
LOAD ./Core/Startup/startup_stm32f401retx.o
LOAD ./Drivers/STM32F4xx_HAL_Driver/Src/stm32f4xx_hal.o
LOAD ./Drivers/STM32F4xx_HAL_Driver/Src/stm32f4xx_hal_adc.o
LOAD ./Drivers/STM32F4xx_HAL_Driver/Src/stm32f4xx_hal_adc_ex.o
LOAD ./Drivers/STM32F4xx_HAL_Driver/Src/stm32f4xx_hal_cortex.o
LOAD ./Drivers/STM32F4xx_HAL_Driver/Src/stm32f4xx_hal_dma.o
LOAD ./Drivers/STM32F4xx_HAL_Driver/Src/stm32f4xx_hal_dma_ex.o
LOAD ./Drivers/STM32F4xx_HAL_Driver/Src/stm32f4xx_hal_exti.o
LOAD ./Drivers/STM32F4xx_HAL_Driver/Src/stm32f4xx_hal_flash.o
LOAD ./Drivers/STM32F4xx_HAL_Driver/Src/stm32f4xx_hal_flash_ex.o
LOAD ./Drivers/STM32F4xx_HAL_Driver/Src/stm32f4xx_hal_flash_ramfunc.o
LOAD ./Drivers/STM32F4xx_HAL_Driver/Src/stm32f4xx_hal_gpio.o
LOAD ./Drivers/STM32F4xx_HAL_Driver/Src/stm32f4xx_hal_pcd.o
LOAD ./Drivers/STM32F4xx_HAL_Driver/Src/stm32f4xx_hal_pcd_ex.o
LOAD ./Drivers/STM32F4xx_HAL_Driver/Src/stm32f4xx_hal_pwr.o
LOAD ./Drivers/STM32F4xx_HAL_Driver/Src/stm32f4xx_hal_pwr_ex.o
LOAD ./Drivers/STM32F4xx_HAL_Driver/Src/stm32f4xx_hal_rcc.o
LOAD ./Drivers/STM32F4xx_HAL_Driver/Src/stm32f4xx_hal_rcc_ex.o
LOAD ./Drivers/STM32F4xx_HAL_Driver/Src/stm32f4xx_hal_tim.o
LOAD ./Drivers/STM32F4xx_HAL_Driver/Src/stm32f4xx_hal_tim_ex.o
LOAD ./Drivers/STM32F4xx_HAL_Driver/Src/stm32f4xx_ll_adc.o
LOAD ./Drivers/STM32F4xx_HAL_Driver/Src/stm32f4xx_ll_usb.o
LOAD ./Middlewares/ST/STM32_USB_Device_Library/Class/CDC/Src/usbd_cdc.o
LOAD ./Middlewares/ST/STM32_USB_Device_Library/Core/Src/usbd_core.o
LOAD ./Middlewares/ST/STM32_USB_Device_Library/Core/Src/usbd_ctlreq.o
LOAD ./Middlewares/ST/STM32_USB_Device_Library/Core/Src/usbd_ioreq.o
LOAD ./USB_DEVICE/App/usb_device.o
LOAD ./USB_DEVICE/App/usbd_cdc_if.o
LOAD ./USB_DEVICE/App/usbd_desc.o
LOAD ./USB_DEVICE/Target/usbd_conf.o
START GROUP
LOAD /opt/st/stm32cubeide_1.16.1_3/plugins/com.st.stm32cube.ide.mcu.externaltools.gnu-tools-for-stm32.12.3.rel1.linux64_1.0.200.202406132123/tools/bin/../lib/gcc/arm-none-eabi/12.3.1/../../../../arm-none-eabi/lib/thumb/v7e-m+fp/hard/libc_nano.a
LOAD /opt/st/stm32cubeide_1.16.1_3/plugins/com.st.stm32cube.ide.mcu.externaltools.gnu-tools-for-stm32.12.3.rel1.linux64_1.0.200.202406132123/tools/bin/../lib/gcc/arm-none-eabi/12.3.1/../../../../arm-none-eabi/lib/thumb/v7e-m+fp/hard/libm.a
END GROUP
START GROUP
LOAD /opt/st/stm32cubeide_1.16.1_3/plugins/com.st.stm32cube.ide.mcu.externaltools.gnu-tools-for-stm32.12.3.rel1.linux64_1.0.200.202406132123/tools/bin/../lib/gcc/arm-none-eabi/12.3.1/thumb/v7e-m+fp/hard/libgcc.a
LOAD /opt/st/stm32cubeide_1.16.1_3/plugins/com.st.stm32cube.ide.mcu.externaltools.gnu-tools-for-stm32.12.3.rel1.linux64_1.0.200.202406132123/tools/bin/../lib/gcc/arm-none-eabi/12.3.1/../../../../arm-none-eabi/lib/thumb/v7e-m+fp/hard/libc_nano.a
END GROUP
START GROUP
LOAD /opt/st/stm32cubeide_1.16.1_3/plugins/com.st.stm32cube.ide.mcu.externaltools.gnu-tools-for-stm32.12.3.rel1.linux64_1.0.200.202406132123/tools/bin/../lib/gcc/arm-none-eabi/12.3.1/thumb/v7e-m+fp/hard/libgcc.a
LOAD /opt/st/stm32cubeide_1.16.1_3/plugins/com.st.stm32cube.ide.mcu.externaltools.gnu-tools-for-stm32.12.3.rel1.linux64_1.0.200.202406132123/tools/bin/../lib/gcc/arm-none-eabi/12.3.1/../../../../arm-none-eabi/lib/thumb/v7e-m+fp/hard/libc_nano.a
LOAD /opt/st/stm32cubeide_1.16.1_3/plugins/com.st.stm32cube.ide.mcu.externaltools.gnu-tools-for-stm32.12.3.rel1.linux64_1.0.200.202406132123/tools/bin/../lib/gcc/arm-none-eabi/12.3.1/../../../../arm-none-eabi/lib/thumb/v7e-m+fp/hard/libnosys.a
END GROUP
START GROUP
LOAD /opt/st/stm32cubeide_1.16.1_3/plugins/com.st.stm32cube.ide.mcu.externaltools.gnu-tools-for-stm32.12.3.rel1.linux64_1.0.200.202406132123/tools/bin/../lib/gcc/arm-none-eabi/12.3.1/thumb/v7e-m+fp/hard/libgcc.a
LOAD /opt/st/stm32cubeide_1.16.1_3/plugins/com.st.stm32cube.ide.mcu.externaltools.gnu-tools-for-stm32.12.3.rel1.linux64_1.0.200.202406132123/tools/bin/../lib/gcc/arm-none-eabi/12.3.1/../../../../arm-none-eabi/lib/thumb/v7e-m+fp/hard/libc_nano.a
LOAD /opt/st/stm32cubeide_1.16.1_3/plugins/com.st.stm32cube.ide.mcu.externaltools.gnu-tools-for-stm32.12.3.rel1.linux64_1.0.200.202406132123/tools/bin/../lib/gcc/arm-none-eabi/12.3.1/../../../../arm-none-eabi/lib/thumb/v7e-m+fp/hard/libnosys.a
END GROUP
LOAD /opt/st/stm32cubeide_1.16.1_3/plugins/com.st.stm32cube.ide.mcu.externaltools.gnu-tools-for-stm32.12.3.rel1.linux64_1.0.200.202406132123/tools/bin/../lib/gcc/arm-none-eabi/12.3.1/thumb/v7e-m+fp/hard/crtend.o
LOAD /opt/st/stm32cubeide_1.16.1_3/plugins/com.st.stm32cube.ide.mcu.externaltools.gnu-tools-for-stm32.12.3.rel1.linux64_1.0.200.202406132123/tools/bin/../lib/gcc/arm-none-eabi/12.3.1/thumb/v7e-m+fp/hard/crtn.o
                0x20018000                        _estack = (ORIGIN (RAM) + LENGTH (RAM))
                0x00000200                        _Min_Heap_Size = 0x200
                0x00000400                        _Min_Stack_Size = 0x400

.isr_vector     0x08000000      0x194
                0x08000000                        . = ALIGN (0x4)
 *(.isr_vector)
 .isr_vector    0x08000000      0x194 ./Core/Startup/startup_stm32f401retx.o
                0x08000000                g_pfnVectors
                0x08000194                        . = ALIGN (0x4)

.text           0x08000194     0x7d28
                0x08000194                        . = ALIGN (0x4)
 *(.text)
 .text          0x08000194       0x40 /opt/st/stm32cubeide_1.16.1_3/plugins/com.st.stm32cube.ide.mcu.externaltools.gnu-tools-for-stm32.12.3.rel1.linux64_1.0.200.202406132123/tools/bin/../lib/gcc/arm-none-eabi/12.3.1/thumb/v7e-m+fp/hard/crtbegin.o
 .text          0x080001d4       0x30 /opt/st/stm32cubeide_1.16.1_3/plugins/com.st.stm32cube.ide.mcu.externaltools.gnu-tools-for-stm32.12.3.rel1.linux64_1.0.200.202406132123/tools/bin/../lib/gcc/arm-none-eabi/12.3.1/thumb/v7e-m+fp/hard/libgcc.a(_aeabi_uldivmod.o)
                0x080001d4                __aeabi_uldivmod
 .text          0x08000204      0x2bc /opt/st/stm32cubeide_1.16.1_3/plugins/com.st.stm32cube.ide.mcu.externaltools.gnu-tools-for-stm32.12.3.rel1.linux64_1.0.200.202406132123/tools/bin/../lib/gcc/arm-none-eabi/12.3.1/thumb/v7e-m+fp/hard/libgcc.a(_udivmoddi4.o)
                0x08000204                __udivmoddi4
 .text          0x080004c0        0x4 /opt/st/stm32cubeide_1.16.1_3/plugins/com.st.stm32cube.ide.mcu.externaltools.gnu-tools-for-stm32.12.3.rel1.linux64_1.0.200.202406132123/tools/bin/../lib/gcc/arm-none-eabi/12.3.1/thumb/v7e-m+fp/hard/libgcc.a(_dvmd_tls.o)
                0x080004c0                __aeabi_ldiv0
                0x080004c0                __aeabi_idiv0
 *(.text*)
 .text.main     0x080004c4       0x9c ./Core/Src/main.o
                0x080004c4                main
 .text.SystemClock_Config
                0x08000560       0xd4 ./Core/Src/main.o
                0x08000560                SystemClock_Config
 .text.MX_ADC1_Init
                0x08000634       0xa4 ./Core/Src/main.o
 .text.MX_DMA_Init
                0x080006d8       0x40 ./Core/Src/main.o
 .text.MX_GPIO_Init
                0x08000718       0x34 ./Core/Src/main.o
 .text.Read_Pressure_Data
                0x0800074c       0xc8 ./Core/Src/main.o
                0x0800074c                Read_Pressure_Data
 .text.Error_Handler
                0x08000814        0xc ./Core/Src/main.o
                0x08000814                Error_Handler
 .text.HAL_MspInit
                0x08000820       0x50 ./Core/Src/stm32f4xx_hal_msp.o
                0x08000820                HAL_MspInit
 .text.HAL_ADC_MspInit
                0x08000870       0xfc ./Core/Src/stm32f4xx_hal_msp.o
                0x08000870                HAL_ADC_MspInit
 .text.NMI_Handler
                0x0800096c        0x8 ./Core/Src/stm32f4xx_it.o
                0x0800096c                NMI_Handler
 .text.HardFault_Handler
                0x08000974        0x8 ./Core/Src/stm32f4xx_it.o
                0x08000974                HardFault_Handler
 .text.MemManage_Handler
                0x0800097c        0x8 ./Core/Src/stm32f4xx_it.o
                0x0800097c                MemManage_Handler
 .text.BusFault_Handler
                0x08000984        0x8 ./Core/Src/stm32f4xx_it.o
                0x08000984                BusFault_Handler
 .text.UsageFault_Handler
                0x0800098c        0x8 ./Core/Src/stm32f4xx_it.o
                0x0800098c                UsageFault_Handler
 .text.SVC_Handler
                0x08000994        0xe ./Core/Src/stm32f4xx_it.o
                0x08000994                SVC_Handler
 .text.DebugMon_Handler
                0x080009a2        0xe ./Core/Src/stm32f4xx_it.o
                0x080009a2                DebugMon_Handler
 .text.PendSV_Handler
                0x080009b0        0xe ./Core/Src/stm32f4xx_it.o
                0x080009b0                PendSV_Handler
 .text.SysTick_Handler
                0x080009be        0xc ./Core/Src/stm32f4xx_it.o
                0x080009be                SysTick_Handler
 *fill*         0x080009ca        0x2 
 .text.ADC_IRQHandler
                0x080009cc       0x14 ./Core/Src/stm32f4xx_it.o
                0x080009cc                ADC_IRQHandler
 .text.DMA2_Stream0_IRQHandler
                0x080009e0       0x14 ./Core/Src/stm32f4xx_it.o
                0x080009e0                DMA2_Stream0_IRQHandler
 .text.OTG_FS_IRQHandler
                0x080009f4       0x14 ./Core/Src/stm32f4xx_it.o
                0x080009f4                OTG_FS_IRQHandler
 .text.SystemInit
                0x08000a08       0x24 ./Core/Src/system_stm32f4xx.o
                0x08000a08                SystemInit
 .text.Reset_Handler
                0x08000a2c       0x50 ./Core/Startup/startup_stm32f401retx.o
                0x08000a2c                Reset_Handler
 .text.Default_Handler
                0x08000a7c        0x2 ./Core/Startup/startup_stm32f401retx.o
                0x08000a7c                RTC_Alarm_IRQHandler
                0x08000a7c                EXTI2_IRQHandler
                0x08000a7c                SPI4_IRQHandler
                0x08000a7c                TIM1_CC_IRQHandler
                0x08000a7c                DMA2_Stream5_IRQHandler
                0x08000a7c                DMA1_Stream5_IRQHandler
                0x08000a7c                PVD_IRQHandler
                0x08000a7c                SDIO_IRQHandler
                0x08000a7c                TAMP_STAMP_IRQHandler
                0x08000a7c                EXTI3_IRQHandler
                0x08000a7c                TIM1_UP_TIM10_IRQHandler
                0x08000a7c                I2C3_ER_IRQHandler
                0x08000a7c                EXTI0_IRQHandler
                0x08000a7c                I2C2_EV_IRQHandler
                0x08000a7c                DMA1_Stream2_IRQHandler
                0x08000a7c                FPU_IRQHandler
                0x08000a7c                DMA2_Stream2_IRQHandler
                0x08000a7c                SPI1_IRQHandler
                0x08000a7c                TIM1_BRK_TIM9_IRQHandler
                0x08000a7c                DMA2_Stream3_IRQHandler
                0x08000a7c                USART6_IRQHandler
                0x08000a7c                TIM4_IRQHandler
                0x08000a7c                I2C1_EV_IRQHandler
                0x08000a7c                DMA1_Stream6_IRQHandler
                0x08000a7c                DMA1_Stream1_IRQHandler
                0x08000a7c                TIM3_IRQHandler
                0x08000a7c                RCC_IRQHandler
                0x08000a7c                Default_Handler
                0x08000a7c                EXTI15_10_IRQHandler
                0x08000a7c                DMA1_Stream7_IRQHandler
                0x08000a7c                TIM5_IRQHandler
                0x08000a7c                DMA2_Stream7_IRQHandler
                0x08000a7c                I2C3_EV_IRQHandler
                0x08000a7c                EXTI9_5_IRQHandler
                0x08000a7c                RTC_WKUP_IRQHandler
                0x08000a7c                SPI2_IRQHandler
                0x08000a7c                DMA1_Stream0_IRQHandler
                0x08000a7c                EXTI4_IRQHandler
                0x08000a7c                WWDG_IRQHandler
                0x08000a7c                TIM2_IRQHandler
                0x08000a7c                OTG_FS_WKUP_IRQHandler
                0x08000a7c                TIM1_TRG_COM_TIM11_IRQHandler
                0x08000a7c                EXTI1_IRQHandler
                0x08000a7c                USART2_IRQHandler
                0x08000a7c                I2C2_ER_IRQHandler
                0x08000a7c                DMA2_Stream1_IRQHandler
                0x08000a7c                FLASH_IRQHandler
                0x08000a7c                DMA2_Stream4_IRQHandler
                0x08000a7c                USART1_IRQHandler
                0x08000a7c                SPI3_IRQHandler
                0x08000a7c                DMA1_Stream4_IRQHandler
                0x08000a7c                I2C1_ER_IRQHandler
                0x08000a7c                DMA2_Stream6_IRQHandler
                0x08000a7c                DMA1_Stream3_IRQHandler
 *fill*         0x08000a7e        0x2 
 .text.HAL_Init
                0x08000a80       0x44 ./Drivers/STM32F4xx_HAL_Driver/Src/stm32f4xx_hal.o
                0x08000a80                HAL_Init
 .text.HAL_InitTick
                0x08000ac4       0x60 ./Drivers/STM32F4xx_HAL_Driver/Src/stm32f4xx_hal.o
                0x08000ac4                HAL_InitTick
 .text.HAL_IncTick
                0x08000b24       0x28 ./Drivers/STM32F4xx_HAL_Driver/Src/stm32f4xx_hal.o
                0x08000b24                HAL_IncTick
 .text.HAL_GetTick
                0x08000b4c       0x18 ./Drivers/STM32F4xx_HAL_Driver/Src/stm32f4xx_hal.o
                0x08000b4c                HAL_GetTick
 .text.HAL_Delay
                0x08000b64       0x48 ./Drivers/STM32F4xx_HAL_Driver/Src/stm32f4xx_hal.o
                0x08000b64                HAL_Delay
 .text.HAL_ADC_Init
                0x08000bac       0x86 ./Drivers/STM32F4xx_HAL_Driver/Src/stm32f4xx_hal_adc.o
                0x08000bac                HAL_ADC_Init
 *fill*         0x08000c32        0x2 
 .text.HAL_ADC_Start
                0x08000c34      0x168 ./Drivers/STM32F4xx_HAL_Driver/Src/stm32f4xx_hal_adc.o
                0x08000c34                HAL_ADC_Start
 .text.HAL_ADC_Stop
                0x08000d9c       0x66 ./Drivers/STM32F4xx_HAL_Driver/Src/stm32f4xx_hal_adc.o
                0x08000d9c                HAL_ADC_Stop
 .text.HAL_ADC_PollForConversion
                0x08000e02      0x116 ./Drivers/STM32F4xx_HAL_Driver/Src/stm32f4xx_hal_adc.o
                0x08000e02                HAL_ADC_PollForConversion
 .text.HAL_ADC_IRQHandler
                0x08000f18      0x220 ./Drivers/STM32F4xx_HAL_Driver/Src/stm32f4xx_hal_adc.o
                0x08000f18                HAL_ADC_IRQHandler
 .text.HAL_ADC_GetValue
                0x08001138       0x1a ./Drivers/STM32F4xx_HAL_Driver/Src/stm32f4xx_hal_adc.o
                0x08001138                HAL_ADC_GetValue
 .text.HAL_ADC_ConvCpltCallback
                0x08001152       0x14 ./Drivers/STM32F4xx_HAL_Driver/Src/stm32f4xx_hal_adc.o
                0x08001152                HAL_ADC_ConvCpltCallback
 .text.HAL_ADC_LevelOutOfWindowCallback
                0x08001166       0x14 ./Drivers/STM32F4xx_HAL_Driver/Src/stm32f4xx_hal_adc.o
                0x08001166                HAL_ADC_LevelOutOfWindowCallback
 .text.HAL_ADC_ErrorCallback
                0x0800117a       0x14 ./Drivers/STM32F4xx_HAL_Driver/Src/stm32f4xx_hal_adc.o
                0x0800117a                HAL_ADC_ErrorCallback
 *fill*         0x0800118e        0x2 
 .text.HAL_ADC_ConfigChannel
                0x08001190      0x244 ./Drivers/STM32F4xx_HAL_Driver/Src/stm32f4xx_hal_adc.o
                0x08001190                HAL_ADC_ConfigChannel
 .text.ADC_Init
                0x080013d4      0x1f8 ./Drivers/STM32F4xx_HAL_Driver/Src/stm32f4xx_hal_adc.o
 .text.HAL_ADCEx_InjectedConvCpltCallback
                0x080015cc       0x14 ./Drivers/STM32F4xx_HAL_Driver/Src/stm32f4xx_hal_adc_ex.o
                0x080015cc                HAL_ADCEx_InjectedConvCpltCallback
 .text.__NVIC_SetPriorityGrouping
                0x080015e0       0x48 ./Drivers/STM32F4xx_HAL_Driver/Src/stm32f4xx_hal_cortex.o
 .text.__NVIC_GetPriorityGrouping
                0x08001628       0x1c ./Drivers/STM32F4xx_HAL_Driver/Src/stm32f4xx_hal_cortex.o
 .text.__NVIC_EnableIRQ
                0x08001644       0x3c ./Drivers/STM32F4xx_HAL_Driver/Src/stm32f4xx_hal_cortex.o
 .text.__NVIC_SetPriority
                0x08001680       0x54 ./Drivers/STM32F4xx_HAL_Driver/Src/stm32f4xx_hal_cortex.o
 .text.NVIC_EncodePriority
                0x080016d4       0x66 ./Drivers/STM32F4xx_HAL_Driver/Src/stm32f4xx_hal_cortex.o
 *fill*         0x0800173a        0x2 
 .text.SysTick_Config
                0x0800173c       0x44 ./Drivers/STM32F4xx_HAL_Driver/Src/stm32f4xx_hal_cortex.o
 .text.HAL_NVIC_SetPriorityGrouping
                0x08001780       0x16 ./Drivers/STM32F4xx_HAL_Driver/Src/stm32f4xx_hal_cortex.o
                0x08001780                HAL_NVIC_SetPriorityGrouping
 .text.HAL_NVIC_SetPriority
                0x08001796       0x38 ./Drivers/STM32F4xx_HAL_Driver/Src/stm32f4xx_hal_cortex.o
                0x08001796                HAL_NVIC_SetPriority
 .text.HAL_NVIC_EnableIRQ
                0x080017ce       0x1c ./Drivers/STM32F4xx_HAL_Driver/Src/stm32f4xx_hal_cortex.o
                0x080017ce                HAL_NVIC_EnableIRQ
 .text.HAL_SYSTICK_Config
                0x080017ea       0x18 ./Drivers/STM32F4xx_HAL_Driver/Src/stm32f4xx_hal_cortex.o
                0x080017ea                HAL_SYSTICK_Config
 *fill*         0x08001802        0x2 
 .text.HAL_DMA_Init
                0x08001804      0x15c ./Drivers/STM32F4xx_HAL_Driver/Src/stm32f4xx_hal_dma.o
                0x08001804                HAL_DMA_Init
 .text.HAL_DMA_IRQHandler
                0x08001960      0x314 ./Drivers/STM32F4xx_HAL_Driver/Src/stm32f4xx_hal_dma.o
                0x08001960                HAL_DMA_IRQHandler
 .text.DMA_CalcBaseAndBitshift
                0x08001c74       0x6c ./Drivers/STM32F4xx_HAL_Driver/Src/stm32f4xx_hal_dma.o
 .text.DMA_CheckFifoParam
                0x08001ce0       0xf8 ./Drivers/STM32F4xx_HAL_Driver/Src/stm32f4xx_hal_dma.o
 .text.HAL_GPIO_Init
                0x08001dd8      0x308 ./Drivers/STM32F4xx_HAL_Driver/Src/stm32f4xx_hal_gpio.o
                0x08001dd8                HAL_GPIO_Init
 .text.HAL_PCD_Init
                0x080020e0      0x21e ./Drivers/STM32F4xx_HAL_Driver/Src/stm32f4xx_hal_pcd.o
                0x080020e0                HAL_PCD_Init
 .text.HAL_PCD_Start
                0x080022fe       0x6a ./Drivers/STM32F4xx_HAL_Driver/Src/stm32f4xx_hal_pcd.o
                0x080022fe                HAL_PCD_Start
 .text.HAL_PCD_IRQHandler
                0x08002368      0x942 ./Drivers/STM32F4xx_HAL_Driver/Src/stm32f4xx_hal_pcd.o
                0x08002368                HAL_PCD_IRQHandler
 .text.HAL_PCD_SetAddress
                0x08002caa       0x48 ./Drivers/STM32F4xx_HAL_Driver/Src/stm32f4xx_hal_pcd.o
                0x08002caa                HAL_PCD_SetAddress
 .text.HAL_PCD_EP_Open
                0x08002cf2       0xd4 ./Drivers/STM32F4xx_HAL_Driver/Src/stm32f4xx_hal_pcd.o
                0x08002cf2                HAL_PCD_EP_Open
 .text.HAL_PCD_EP_Close
                0x08002dc6       0x94 ./Drivers/STM32F4xx_HAL_Driver/Src/stm32f4xx_hal_pcd.o
                0x08002dc6                HAL_PCD_EP_Close
 .text.HAL_PCD_EP_Receive
                0x08002e5a       0x76 ./Drivers/STM32F4xx_HAL_Driver/Src/stm32f4xx_hal_pcd.o
                0x08002e5a                HAL_PCD_EP_Receive
 .text.HAL_PCD_EP_GetRxCount
                0x08002ed0       0x30 ./Drivers/STM32F4xx_HAL_Driver/Src/stm32f4xx_hal_pcd.o
                0x08002ed0                HAL_PCD_EP_GetRxCount
 .text.HAL_PCD_EP_Transmit
                0x08002f00       0x74 ./Drivers/STM32F4xx_HAL_Driver/Src/stm32f4xx_hal_pcd.o
                0x08002f00                HAL_PCD_EP_Transmit
 .text.HAL_PCD_EP_SetStall
                0x08002f74       0xc6 ./Drivers/STM32F4xx_HAL_Driver/Src/stm32f4xx_hal_pcd.o
                0x08002f74                HAL_PCD_EP_SetStall
 .text.HAL_PCD_EP_ClrStall
                0x0800303a       0xac ./Drivers/STM32F4xx_HAL_Driver/Src/stm32f4xx_hal_pcd.o
                0x0800303a                HAL_PCD_EP_ClrStall
 .text.HAL_PCD_EP_Abort
                0x080030e6       0x62 ./Drivers/STM32F4xx_HAL_Driver/Src/stm32f4xx_hal_pcd.o
                0x080030e6                HAL_PCD_EP_Abort
 .text.PCD_WriteEmptyTxFifo
                0x08003148      0x118 ./Drivers/STM32F4xx_HAL_Driver/Src/stm32f4xx_hal_pcd.o
 .text.PCD_EP_OutXfrComplete_int
                0x08003260      0x1d0 ./Drivers/STM32F4xx_HAL_Driver/Src/stm32f4xx_hal_pcd.o
 .text.PCD_EP_OutSetupPacket_int
                0x08003430       0x8c ./Drivers/STM32F4xx_HAL_Driver/Src/stm32f4xx_hal_pcd.o
 .text.HAL_PCDEx_SetTxFiFo
                0x080034bc       0x8e ./Drivers/STM32F4xx_HAL_Driver/Src/stm32f4xx_hal_pcd_ex.o
                0x080034bc                HAL_PCDEx_SetTxFiFo
 .text.HAL_PCDEx_SetRxFiFo
                0x0800354a       0x22 ./Drivers/STM32F4xx_HAL_Driver/Src/stm32f4xx_hal_pcd_ex.o
                0x0800354a                HAL_PCDEx_SetRxFiFo
 .text.HAL_PCDEx_LPM_Callback
                0x0800356c       0x18 ./Drivers/STM32F4xx_HAL_Driver/Src/stm32f4xx_hal_pcd_ex.o
                0x0800356c                HAL_PCDEx_LPM_Callback
 .text.HAL_RCC_OscConfig
                0x08003584      0x4f0 ./Drivers/STM32F4xx_HAL_Driver/Src/stm32f4xx_hal_rcc.o
                0x08003584                HAL_RCC_OscConfig
 .text.HAL_RCC_ClockConfig
                0x08003a74      0x1cc ./Drivers/STM32F4xx_HAL_Driver/Src/stm32f4xx_hal_rcc.o
                0x08003a74                HAL_RCC_ClockConfig
 .text.HAL_RCC_GetSysClockFreq
                0x08003c40      0x18c ./Drivers/STM32F4xx_HAL_Driver/Src/stm32f4xx_hal_rcc.o
                0x08003c40                HAL_RCC_GetSysClockFreq
 .text.HAL_RCC_GetHCLKFreq
                0x08003dcc       0x18 ./Drivers/STM32F4xx_HAL_Driver/Src/stm32f4xx_hal_rcc.o
                0x08003dcc                HAL_RCC_GetHCLKFreq
 .text.USB_CoreInit
                0x08003de4       0xc8 ./Drivers/STM32F4xx_HAL_Driver/Src/stm32f4xx_ll_usb.o
                0x08003de4                USB_CoreInit
 .text.USB_SetTurnaroundTime
                0x08003eac      0x144 ./Drivers/STM32F4xx_HAL_Driver/Src/stm32f4xx_ll_usb.o
                0x08003eac                USB_SetTurnaroundTime
 .text.USB_EnableGlobalInt
                0x08003ff0       0x22 ./Drivers/STM32F4xx_HAL_Driver/Src/stm32f4xx_ll_usb.o
                0x08003ff0                USB_EnableGlobalInt
 .text.USB_DisableGlobalInt
                0x08004012       0x22 ./Drivers/STM32F4xx_HAL_Driver/Src/stm32f4xx_ll_usb.o
                0x08004012                USB_DisableGlobalInt
 .text.USB_SetCurrentMode
                0x08004034       0x98 ./Drivers/STM32F4xx_HAL_Driver/Src/stm32f4xx_ll_usb.o
                0x08004034                USB_SetCurrentMode
 .text.USB_DevInit
                0x080040cc      0x2c8 ./Drivers/STM32F4xx_HAL_Driver/Src/stm32f4xx_ll_usb.o
                0x080040cc                USB_DevInit
 .text.USB_FlushTxFifo
                0x08004394       0x64 ./Drivers/STM32F4xx_HAL_Driver/Src/stm32f4xx_ll_usb.o
                0x08004394                USB_FlushTxFifo
 .text.USB_FlushRxFifo
                0x080043f8       0x5c ./Drivers/STM32F4xx_HAL_Driver/Src/stm32f4xx_ll_usb.o
                0x080043f8                USB_FlushRxFifo
 .text.USB_SetDevSpeed
                0x08004454       0x32 ./Drivers/STM32F4xx_HAL_Driver/Src/stm32f4xx_ll_usb.o
                0x08004454                USB_SetDevSpeed
 .text.USB_GetDevSpeed
                0x08004486       0x4a ./Drivers/STM32F4xx_HAL_Driver/Src/stm32f4xx_ll_usb.o
                0x08004486                USB_GetDevSpeed
 .text.USB_ActivateEndpoint
                0x080044d0      0x10e ./Drivers/STM32F4xx_HAL_Driver/Src/stm32f4xx_ll_usb.o
                0x080044d0                USB_ActivateEndpoint
 *fill*         0x080045de        0x2 
 .text.USB_DeactivateEndpoint
                0x080045e0      0x1b8 ./Drivers/STM32F4xx_HAL_Driver/Src/stm32f4xx_ll_usb.o
                0x080045e0                USB_DeactivateEndpoint
 .text.USB_EPStartXfer
                0x08004798      0x53c ./Drivers/STM32F4xx_HAL_Driver/Src/stm32f4xx_ll_usb.o
                0x08004798                USB_EPStartXfer
 .text.USB_EPStopXfer
                0x08004cd4      0x154 ./Drivers/STM32F4xx_HAL_Driver/Src/stm32f4xx_ll_usb.o
                0x08004cd4                USB_EPStopXfer
 .text.USB_WritePacket
                0x08004e28       0x7c ./Drivers/STM32F4xx_HAL_Driver/Src/stm32f4xx_ll_usb.o
                0x08004e28                USB_WritePacket
 .text.USB_ReadPacket
                0x08004ea4       0xb0 ./Drivers/STM32F4xx_HAL_Driver/Src/stm32f4xx_ll_usb.o
                0x08004ea4                USB_ReadPacket
 .text.USB_EPSetStall
                0x08004f54       0xdc ./Drivers/STM32F4xx_HAL_Driver/Src/stm32f4xx_ll_usb.o
                0x08004f54                USB_EPSetStall
 .text.USB_EPClearStall
                0x08005030       0xcc ./Drivers/STM32F4xx_HAL_Driver/Src/stm32f4xx_ll_usb.o
                0x08005030                USB_EPClearStall
 .text.USB_SetDevAddress
                0x080050fc       0x4c ./Drivers/STM32F4xx_HAL_Driver/Src/stm32f4xx_ll_usb.o
                0x080050fc                USB_SetDevAddress
 .text.USB_DevConnect
                0x08005148       0x42 ./Drivers/STM32F4xx_HAL_Driver/Src/stm32f4xx_ll_usb.o
                0x08005148                USB_DevConnect
 .text.USB_DevDisconnect
                0x0800518a       0x42 ./Drivers/STM32F4xx_HAL_Driver/Src/stm32f4xx_ll_usb.o
                0x0800518a                USB_DevDisconnect
 .text.USB_ReadInterrupts
                0x080051cc       0x26 ./Drivers/STM32F4xx_HAL_Driver/Src/stm32f4xx_ll_usb.o
                0x080051cc                USB_ReadInterrupts
 .text.USB_ReadDevAllOutEpInterrupt
                0x080051f2       0x34 ./Drivers/STM32F4xx_HAL_Driver/Src/stm32f4xx_ll_usb.o
                0x080051f2                USB_ReadDevAllOutEpInterrupt
 .text.USB_ReadDevAllInEpInterrupt
                0x08005226       0x34 ./Drivers/STM32F4xx_HAL_Driver/Src/stm32f4xx_ll_usb.o
                0x08005226                USB_ReadDevAllInEpInterrupt
 .text.USB_ReadDevOutEPInterrupt
                0x0800525a       0x3c ./Drivers/STM32F4xx_HAL_Driver/Src/stm32f4xx_ll_usb.o
                0x0800525a                USB_ReadDevOutEPInterrupt
 .text.USB_ReadDevInEPInterrupt
                0x08005296       0x5c ./Drivers/STM32F4xx_HAL_Driver/Src/stm32f4xx_ll_usb.o
                0x08005296                USB_ReadDevInEPInterrupt
 .text.USB_GetMode
                0x080052f2       0x1c ./Drivers/STM32F4xx_HAL_Driver/Src/stm32f4xx_ll_usb.o
                0x080052f2                USB_GetMode
 .text.USB_ActivateSetup
                0x0800530e       0x46 ./Drivers/STM32F4xx_HAL_Driver/Src/stm32f4xx_ll_usb.o
                0x0800530e                USB_ActivateSetup
 .text.USB_EP0_OutStart
                0x08005354       0xbc ./Drivers/STM32F4xx_HAL_Driver/Src/stm32f4xx_ll_usb.o
                0x08005354                USB_EP0_OutStart
 .text.USB_CoreReset
                0x08005410       0x62 ./Drivers/STM32F4xx_HAL_Driver/Src/stm32f4xx_ll_usb.o
 *fill*         0x08005472        0x2 
 .text.USBD_CDC_Init
                0x08005474      0x1f0 ./Middlewares/ST/STM32_USB_Device_Library/Class/CDC/Src/usbd_cdc.o
 .text.USBD_CDC_DeInit
                0x08005664      0x104 ./Middlewares/ST/STM32_USB_Device_Library/Class/CDC/Src/usbd_cdc.o
 .text.USBD_CDC_Setup
                0x08005768      0x1b8 ./Middlewares/ST/STM32_USB_Device_Library/Class/CDC/Src/usbd_cdc.o
 .text.USBD_CDC_DataIn
                0x08005920       0xfe ./Middlewares/ST/STM32_USB_Device_Library/Class/CDC/Src/usbd_cdc.o
 .text.USBD_CDC_DataOut
                0x08005a1e       0x70 ./Middlewares/ST/STM32_USB_Device_Library/Class/CDC/Src/usbd_cdc.o
 .text.USBD_CDC_EP0_RxReady
                0x08005a8e       0x74 ./Middlewares/ST/STM32_USB_Device_Library/Class/CDC/Src/usbd_cdc.o
 *fill*         0x08005b02        0x2 
 .text.USBD_CDC_GetFSCfgDesc
                0x08005b04       0x70 ./Middlewares/ST/STM32_USB_Device_Library/Class/CDC/Src/usbd_cdc.o
 .text.USBD_CDC_GetHSCfgDesc
                0x08005b74       0x70 ./Middlewares/ST/STM32_USB_Device_Library/Class/CDC/Src/usbd_cdc.o
 .text.USBD_CDC_GetOtherSpeedCfgDesc
                0x08005be4       0x70 ./Middlewares/ST/STM32_USB_Device_Library/Class/CDC/Src/usbd_cdc.o
 .text.USBD_CDC_GetDeviceQualifierDescriptor
                0x08005c54       0x20 ./Middlewares/ST/STM32_USB_Device_Library/Class/CDC/Src/usbd_cdc.o
                0x08005c54                USBD_CDC_GetDeviceQualifierDescriptor
 .text.USBD_CDC_RegisterInterface
                0x08005c74       0x34 ./Middlewares/ST/STM32_USB_Device_Library/Class/CDC/Src/usbd_cdc.o
                0x08005c74                USBD_CDC_RegisterInterface
 .text.USBD_CDC_SetTxBuffer
                0x08005ca8       0x44 ./Middlewares/ST/STM32_USB_Device_Library/Class/CDC/Src/usbd_cdc.o
                0x08005ca8                USBD_CDC_SetTxBuffer
 .text.USBD_CDC_SetRxBuffer
                0x08005cec       0x3a ./Middlewares/ST/STM32_USB_Device_Library/Class/CDC/Src/usbd_cdc.o
                0x08005cec                USBD_CDC_SetRxBuffer
 *fill*         0x08005d26        0x2 
 .text.USBD_CDC_TransmitPacket
                0x08005d28       0x80 ./Middlewares/ST/STM32_USB_Device_Library/Class/CDC/Src/usbd_cdc.o
                0x08005d28                USBD_CDC_TransmitPacket
 .text.USBD_CDC_ReceivePacket
                0x08005da8       0x6c ./Middlewares/ST/STM32_USB_Device_Library/Class/CDC/Src/usbd_cdc.o
                0x08005da8                USBD_CDC_ReceivePacket
 .text.USBD_Init
                0x08005e14       0x60 ./Middlewares/ST/STM32_USB_Device_Library/Core/Src/usbd_core.o
                0x08005e14                USBD_Init
 .text.USBD_RegisterClass
                0x08005e74       0x6c ./Middlewares/ST/STM32_USB_Device_Library/Core/Src/usbd_core.o
                0x08005e74                USBD_RegisterClass
 .text.USBD_Start
                0x08005ee0       0x18 ./Middlewares/ST/STM32_USB_Device_Library/Core/Src/usbd_core.o
                0x08005ee0                USBD_Start
 .text.USBD_RunTestMode
                0x08005ef8       0x16 ./Middlewares/ST/STM32_USB_Device_Library/Core/Src/usbd_core.o
                0x08005ef8                USBD_RunTestMode
 .text.USBD_SetClassConfig
                0x08005f0e       0x38 ./Middlewares/ST/STM32_USB_Device_Library/Core/Src/usbd_core.o
                0x08005f0e                USBD_SetClassConfig
 .text.USBD_ClrClassConfig
                0x08005f46       0x34 ./Middlewares/ST/STM32_USB_Device_Library/Core/Src/usbd_core.o
                0x08005f46                USBD_ClrClassConfig
 .text.USBD_LL_SetupStage
                0x08005f7a       0xaa ./Middlewares/ST/STM32_USB_Device_Library/Core/Src/usbd_core.o
                0x08005f7a                USBD_LL_SetupStage
 .text.USBD_LL_DataOutStage
                0x08006024      0x166 ./Middlewares/ST/STM32_USB_Device_Library/Core/Src/usbd_core.o
                0x08006024                USBD_LL_DataOutStage
 .text.USBD_LL_DataInStage
                0x0800618a      0x164 ./Middlewares/ST/STM32_USB_Device_Library/Core/Src/usbd_core.o
                0x0800618a                USBD_LL_DataInStage
 .text.USBD_LL_Reset
                0x080062ee       0xa4 ./Middlewares/ST/STM32_USB_Device_Library/Core/Src/usbd_core.o
                0x080062ee                USBD_LL_Reset
 .text.USBD_LL_SetSpeed
                0x08006392       0x20 ./Middlewares/ST/STM32_USB_Device_Library/Core/Src/usbd_core.o
                0x08006392                USBD_LL_SetSpeed
 .text.USBD_LL_Suspend
                0x080063b2       0x38 ./Middlewares/ST/STM32_USB_Device_Library/Core/Src/usbd_core.o
                0x080063b2                USBD_LL_Suspend
 .text.USBD_LL_Resume
                0x080063ea       0x30 ./Middlewares/ST/STM32_USB_Device_Library/Core/Src/usbd_core.o
                0x080063ea                USBD_LL_Resume
 .text.USBD_LL_SOF
                0x0800641a       0x40 ./Middlewares/ST/STM32_USB_Device_Library/Core/Src/usbd_core.o
                0x0800641a                USBD_LL_SOF
 .text.USBD_LL_IsoINIncomplete
                0x0800645a       0x64 ./Middlewares/ST/STM32_USB_Device_Library/Core/Src/usbd_core.o
                0x0800645a                USBD_LL_IsoINIncomplete
 .text.USBD_LL_IsoOUTIncomplete
                0x080064be       0x64 ./Middlewares/ST/STM32_USB_Device_Library/Core/Src/usbd_core.o
                0x080064be                USBD_LL_IsoOUTIncomplete
 .text.USBD_LL_DevConnected
                0x08006522       0x16 ./Middlewares/ST/STM32_USB_Device_Library/Core/Src/usbd_core.o
                0x08006522                USBD_LL_DevConnected
 .text.USBD_LL_DevDisconnected
                0x08006538       0x46 ./Middlewares/ST/STM32_USB_Device_Library/Core/Src/usbd_core.o
                0x08006538                USBD_LL_DevDisconnected
 .text.USBD_CoreFindIF
                0x0800657e       0x1a ./Middlewares/ST/STM32_USB_Device_Library/Core/Src/usbd_core.o
                0x0800657e                USBD_CoreFindIF
 .text.USBD_CoreFindEP
                0x08006598       0x1a ./Middlewares/ST/STM32_USB_Device_Library/Core/Src/usbd_core.o
                0x08006598                USBD_CoreFindEP
 .text.USBD_GetEpDesc
                0x080065b2       0x70 ./Middlewares/ST/STM32_USB_Device_Library/Core/Src/usbd_core.o
                0x080065b2                USBD_GetEpDesc
 .text.USBD_GetNextDesc
                0x08006622       0x38 ./Middlewares/ST/STM32_USB_Device_Library/Core/Src/usbd_core.o
                0x08006622                USBD_GetNextDesc
 .text.SWAPBYTE
                0x0800665a       0x3c ./Middlewares/ST/STM32_USB_Device_Library/Core/Src/usbd_ctlreq.o
 *fill*         0x08006696        0x2 
 .text.USBD_StdDevReq
                0x08006698       0xe4 ./Middlewares/ST/STM32_USB_Device_Library/Core/Src/usbd_ctlreq.o
                0x08006698                USBD_StdDevReq
 .text.USBD_StdItfReq
                0x0800677c       0xd8 ./Middlewares/ST/STM32_USB_Device_Library/Core/Src/usbd_ctlreq.o
                0x0800677c                USBD_StdItfReq
 .text.USBD_StdEPReq
                0x08006854      0x33a ./Middlewares/ST/STM32_USB_Device_Library/Core/Src/usbd_ctlreq.o
                0x08006854                USBD_StdEPReq
 *fill*         0x08006b8e        0x2 
 .text.USBD_GetDescriptor
                0x08006b90      0x2d4 ./Middlewares/ST/STM32_USB_Device_Library/Core/Src/usbd_ctlreq.o
 .text.USBD_SetAddress
                0x08006e64       0x88 ./Middlewares/ST/STM32_USB_Device_Library/Core/Src/usbd_ctlreq.o
 .text.USBD_SetConfig
                0x08006eec      0x154 ./Middlewares/ST/STM32_USB_Device_Library/Core/Src/usbd_ctlreq.o
 .text.USBD_GetConfig
                0x08007040       0x6c ./Middlewares/ST/STM32_USB_Device_Library/Core/Src/usbd_ctlreq.o
 .text.USBD_GetStatus
                0x080070ac       0x68 ./Middlewares/ST/STM32_USB_Device_Library/Core/Src/usbd_ctlreq.o
 .text.USBD_SetFeature
                0x08007114       0x52 ./Middlewares/ST/STM32_USB_Device_Library/Core/Src/usbd_ctlreq.o
 .text.USBD_ClrFeature
                0x08007166       0x44 ./Middlewares/ST/STM32_USB_Device_Library/Core/Src/usbd_ctlreq.o
 .text.USBD_ParseSetupRequest
                0x080071aa       0x74 ./Middlewares/ST/STM32_USB_Device_Library/Core/Src/usbd_ctlreq.o
                0x080071aa                USBD_ParseSetupRequest
 .text.USBD_CtlError
                0x0800721e       0x22 ./Middlewares/ST/STM32_USB_Device_Library/Core/Src/usbd_ctlreq.o
                0x0800721e                USBD_CtlError
 .text.USBD_GetString
                0x08007240       0xa4 ./Middlewares/ST/STM32_USB_Device_Library/Core/Src/usbd_ctlreq.o
                0x08007240                USBD_GetString
 .text.USBD_GetLen
                0x080072e4       0x34 ./Middlewares/ST/STM32_USB_Device_Library/Core/Src/usbd_ctlreq.o
 .text.USBD_CtlSendData
                0x08007318       0x36 ./Middlewares/ST/STM32_USB_Device_Library/Core/Src/usbd_ioreq.o
                0x08007318                USBD_CtlSendData
 .text.USBD_CtlContinueSendData
                0x0800734e       0x22 ./Middlewares/ST/STM32_USB_Device_Library/Core/Src/usbd_ioreq.o
                0x0800734e                USBD_CtlContinueSendData
 .text.USBD_CtlPrepareRx
                0x08007370       0x3a ./Middlewares/ST/STM32_USB_Device_Library/Core/Src/usbd_ioreq.o
                0x08007370                USBD_CtlPrepareRx
 .text.USBD_CtlContinueRx
                0x080073aa       0x22 ./Middlewares/ST/STM32_USB_Device_Library/Core/Src/usbd_ioreq.o
                0x080073aa                USBD_CtlContinueRx
 .text.USBD_CtlSendStatus
                0x080073cc       0x26 ./Middlewares/ST/STM32_USB_Device_Library/Core/Src/usbd_ioreq.o
                0x080073cc                USBD_CtlSendStatus
 .text.USBD_CtlReceiveStatus
                0x080073f2       0x26 ./Middlewares/ST/STM32_USB_Device_Library/Core/Src/usbd_ioreq.o
                0x080073f2                USBD_CtlReceiveStatus
 .text.MX_USB_DEVICE_Init
                0x08007418       0x60 ./USB_DEVICE/App/usb_device.o
                0x08007418                MX_USB_DEVICE_Init
 .text.CDC_Init_FS
                0x08007478       0x28 ./USB_DEVICE/App/usbd_cdc_if.o
 .text.CDC_DeInit_FS
                0x080074a0       0x10 ./USB_DEVICE/App/usbd_cdc_if.o
 .text.CDC_Control_FS
                0x080074b0       0xbc ./USB_DEVICE/App/usbd_cdc_if.o
 .text.CDC_Receive_FS
                0x0800756c       0x28 ./USB_DEVICE/App/usbd_cdc_if.o
 .text.CDC_Transmit_FS
                0x08007594       0x4c ./USB_DEVICE/App/usbd_cdc_if.o
                0x08007594                CDC_Transmit_FS
 .text.CDC_TransmitCplt_FS
                0x080075e0       0x22 ./USB_DEVICE/App/usbd_cdc_if.o
 *fill*         0x08007602        0x2 
 .text.USBD_FS_DeviceDescriptor
                0x08007604       0x24 ./USB_DEVICE/App/usbd_desc.o
                0x08007604                USBD_FS_DeviceDescriptor
 .text.USBD_FS_LangIDStrDescriptor
                0x08007628       0x24 ./USB_DEVICE/App/usbd_desc.o
                0x08007628                USBD_FS_LangIDStrDescriptor
 .text.USBD_FS_ProductStrDescriptor
                0x0800764c       0x3c ./USB_DEVICE/App/usbd_desc.o
                0x0800764c                USBD_FS_ProductStrDescriptor
 .text.USBD_FS_ManufacturerStrDescriptor
                0x08007688       0x28 ./USB_DEVICE/App/usbd_desc.o
                0x08007688                USBD_FS_ManufacturerStrDescriptor
 .text.USBD_FS_SerialStrDescriptor
                0x080076b0       0x24 ./USB_DEVICE/App/usbd_desc.o
                0x080076b0                USBD_FS_SerialStrDescriptor
 .text.USBD_FS_ConfigStrDescriptor
                0x080076d4       0x3c ./USB_DEVICE/App/usbd_desc.o
                0x080076d4                USBD_FS_ConfigStrDescriptor
 .text.USBD_FS_InterfaceStrDescriptor
                0x08007710       0x3c ./USB_DEVICE/App/usbd_desc.o
                0x08007710                USBD_FS_InterfaceStrDescriptor
 .text.Get_SerialNum
                0x0800774c       0x58 ./USB_DEVICE/App/usbd_desc.o
 .text.IntToUnicode
                0x080077a4       0x7e ./USB_DEVICE/App/usbd_desc.o
 *fill*         0x08007822        0x2 
 .text.HAL_PCD_MspInit
                0x08007824       0xa8 ./USB_DEVICE/Target/usbd_conf.o
                0x08007824                HAL_PCD_MspInit
 .text.HAL_PCD_SetupStageCallback
                0x080078cc       0x24 ./USB_DEVICE/Target/usbd_conf.o
                0x080078cc                HAL_PCD_SetupStageCallback
 .text.HAL_PCD_DataOutStageCallback
                0x080078f0       0x36 ./USB_DEVICE/Target/usbd_conf.o
                0x080078f0                HAL_PCD_DataOutStageCallback
 .text.HAL_PCD_DataInStageCallback
                0x08007926       0x34 ./USB_DEVICE/Target/usbd_conf.o
                0x08007926                HAL_PCD_DataInStageCallback
 .text.HAL_PCD_SOFCallback
                0x0800795a       0x1c ./USB_DEVICE/Target/usbd_conf.o
                0x0800795a                HAL_PCD_SOFCallback
 .text.HAL_PCD_ResetCallback
                0x08007976       0x50 ./USB_DEVICE/Target/usbd_conf.o
                0x08007976                HAL_PCD_ResetCallback
 *fill*         0x080079c6        0x2 
 .text.HAL_PCD_SuspendCallback
                0x080079c8       0x4c ./USB_DEVICE/Target/usbd_conf.o
                0x080079c8                HAL_PCD_SuspendCallback
 .text.HAL_PCD_ResumeCallback
                0x08007a14       0x1c ./USB_DEVICE/Target/usbd_conf.o
                0x08007a14                HAL_PCD_ResumeCallback
 .text.HAL_PCD_ISOOUTIncompleteCallback
                0x08007a30       0x24 ./USB_DEVICE/Target/usbd_conf.o
                0x08007a30                HAL_PCD_ISOOUTIncompleteCallback
 .text.HAL_PCD_ISOINIncompleteCallback
                0x08007a54       0x24 ./USB_DEVICE/Target/usbd_conf.o
                0x08007a54                HAL_PCD_ISOINIncompleteCallback
 .text.HAL_PCD_ConnectCallback
                0x08007a78       0x1c ./USB_DEVICE/Target/usbd_conf.o
                0x08007a78                HAL_PCD_ConnectCallback
 .text.HAL_PCD_DisconnectCallback
                0x08007a94       0x1c ./USB_DEVICE/Target/usbd_conf.o
                0x08007a94                HAL_PCD_DisconnectCallback
 .text.USBD_LL_Init
                0x08007ab0       0x98 ./USB_DEVICE/Target/usbd_conf.o
                0x08007ab0                USBD_LL_Init
 .text.USBD_LL_Start
                0x08007b48       0x36 ./USB_DEVICE/Target/usbd_conf.o
                0x08007b48                USBD_LL_Start
 .text.USBD_LL_OpenEP
                0x08007b7e       0x4c ./USB_DEVICE/Target/usbd_conf.o
                0x08007b7e                USBD_LL_OpenEP
 .text.USBD_LL_CloseEP
                0x08007bca       0x3e ./USB_DEVICE/Target/usbd_conf.o
                0x08007bca                USBD_LL_CloseEP
 .text.USBD_LL_StallEP
                0x08007c08       0x3e ./USB_DEVICE/Target/usbd_conf.o
                0x08007c08                USBD_LL_StallEP
 .text.USBD_LL_ClearStallEP
                0x08007c46       0x3e ./USB_DEVICE/Target/usbd_conf.o
                0x08007c46                USBD_LL_ClearStallEP
 .text.USBD_LL_IsStallEP
                0x08007c84       0x58 ./USB_DEVICE/Target/usbd_conf.o
                0x08007c84                USBD_LL_IsStallEP
 .text.USBD_LL_SetUSBAddress
                0x08007cdc       0x3e ./USB_DEVICE/Target/usbd_conf.o
                0x08007cdc                USBD_LL_SetUSBAddress
 .text.USBD_LL_Transmit
                0x08007d1a       0x42 ./USB_DEVICE/Target/usbd_conf.o
                0x08007d1a                USBD_LL_Transmit
 .text.USBD_LL_PrepareReceive
                0x08007d5c       0x42 ./USB_DEVICE/Target/usbd_conf.o
                0x08007d5c                USBD_LL_PrepareReceive
 .text.USBD_LL_GetRxDataSize
                0x08007d9e       0x26 ./USB_DEVICE/Target/usbd_conf.o
                0x08007d9e                USBD_LL_GetRxDataSize
 .text.USBD_static_malloc
                0x08007dc4       0x1c ./USB_DEVICE/Target/usbd_conf.o
                0x08007dc4                USBD_static_malloc
 .text.USBD_static_free
                0x08007de0       0x14 ./USB_DEVICE/Target/usbd_conf.o
                0x08007de0                USBD_static_free
 .text.USBD_Get_USB_Status
                0x08007df4       0x58 ./USB_DEVICE/Target/usbd_conf.o
                0x08007df4                USBD_Get_USB_Status
 .text.memset   0x08007e4c       0x10 /opt/st/stm32cubeide_1.16.1_3/plugins/com.st.stm32cube.ide.mcu.externaltools.gnu-tools-for-stm32.12.3.rel1.linux64_1.0.200.202406132123/tools/bin/../lib/gcc/arm-none-eabi/12.3.1/../../../../arm-none-eabi/lib/thumb/v7e-m+fp/hard/libc_nano.a(libc_a-memset.o)
                0x08007e4c                memset
 .text.__libc_init_array
                0x08007e5c       0x48 /opt/st/stm32cubeide_1.16.1_3/plugins/com.st.stm32cube.ide.mcu.externaltools.gnu-tools-for-stm32.12.3.rel1.linux64_1.0.200.202406132123/tools/bin/../lib/gcc/arm-none-eabi/12.3.1/../../../../arm-none-eabi/lib/thumb/v7e-m+fp/hard/libc_nano.a(libc_a-init.o)
                0x08007e5c                __libc_init_array
 *(.glue_7)
 .glue_7        0x08007ea4        0x0 linker stubs
 *(.glue_7t)
 .glue_7t       0x08007ea4        0x0 linker stubs
 *(.eh_frame)
 .eh_frame      0x08007ea4        0x0 /opt/st/stm32cubeide_1.16.1_3/plugins/com.st.stm32cube.ide.mcu.externaltools.gnu-tools-for-stm32.12.3.rel1.linux64_1.0.200.202406132123/tools/bin/../lib/gcc/arm-none-eabi/12.3.1/thumb/v7e-m+fp/hard/crtbegin.o
 *(.init)
 .init          0x08007ea4        0x4 /opt/st/stm32cubeide_1.16.1_3/plugins/com.st.stm32cube.ide.mcu.externaltools.gnu-tools-for-stm32.12.3.rel1.linux64_1.0.200.202406132123/tools/bin/../lib/gcc/arm-none-eabi/12.3.1/thumb/v7e-m+fp/hard/crti.o
                0x08007ea4                _init
 .init          0x08007ea8        0x8 /opt/st/stm32cubeide_1.16.1_3/plugins/com.st.stm32cube.ide.mcu.externaltools.gnu-tools-for-stm32.12.3.rel1.linux64_1.0.200.202406132123/tools/bin/../lib/gcc/arm-none-eabi/12.3.1/thumb/v7e-m+fp/hard/crtn.o
 *(.fini)
 .fini          0x08007eb0        0x4 /opt/st/stm32cubeide_1.16.1_3/plugins/com.st.stm32cube.ide.mcu.externaltools.gnu-tools-for-stm32.12.3.rel1.linux64_1.0.200.202406132123/tools/bin/../lib/gcc/arm-none-eabi/12.3.1/thumb/v7e-m+fp/hard/crti.o
                0x08007eb0                _fini
 .fini          0x08007eb4        0x8 /opt/st/stm32cubeide_1.16.1_3/plugins/com.st.stm32cube.ide.mcu.externaltools.gnu-tools-for-stm32.12.3.rel1.linux64_1.0.200.202406132123/tools/bin/../lib/gcc/arm-none-eabi/12.3.1/thumb/v7e-m+fp/hard/crtn.o
                0x08007ebc                        . = ALIGN (0x4)
                0x08007ebc                        _etext = .

.vfp11_veneer   0x08007ebc        0x0
 .vfp11_veneer  0x08007ebc        0x0 linker stubs

.v4_bx          0x08007ebc        0x0
 .v4_bx         0x08007ebc        0x0 linker stubs

.iplt           0x08007ebc        0x0
 .iplt          0x08007ebc        0x0 /opt/st/stm32cubeide_1.16.1_3/plugins/com.st.stm32cube.ide.mcu.externaltools.gnu-tools-for-stm32.12.3.rel1.linux64_1.0.200.202406132123/tools/bin/../lib/gcc/arm-none-eabi/12.3.1/thumb/v7e-m+fp/hard/crtbegin.o

.rodata         0x08007ebc       0x60
                0x08007ebc                        . = ALIGN (0x4)
 *(.rodata)
 .rodata        0x08007ebc       0x46 ./USB_DEVICE/App/usbd_desc.o
 *(.rodata*)
 *fill*         0x08007f02        0x2 
 .rodata.AHBPrescTable
                0x08007f04       0x10 ./Core/Src/system_stm32f4xx.o
                0x08007f04                AHBPrescTable
 .rodata.flagBitshiftOffset.0
                0x08007f14        0x8 ./Drivers/STM32F4xx_HAL_Driver/Src/stm32f4xx_hal_dma.o
                0x08007f1c                        . = ALIGN (0x4)

.ARM.extab      0x08007f1c        0x0
                0x08007f1c                        . = ALIGN (0x4)
 *(.ARM.extab* .gnu.linkonce.armextab.*)
                0x08007f1c                        . = ALIGN (0x4)

.ARM            0x08007f1c        0x8
                0x08007f1c                        . = ALIGN (0x4)
                0x08007f1c                        __exidx_start = .
 *(.ARM.exidx*)
 .ARM.exidx     0x08007f1c        0x8 /opt/st/stm32cubeide_1.16.1_3/plugins/com.st.stm32cube.ide.mcu.externaltools.gnu-tools-for-stm32.12.3.rel1.linux64_1.0.200.202406132123/tools/bin/../lib/gcc/arm-none-eabi/12.3.1/thumb/v7e-m+fp/hard/libgcc.a(_udivmoddi4.o)
                0x08007f24                        __exidx_end = .
                0x08007f24                        . = ALIGN (0x4)

.preinit_array  0x08007f24        0x0
                0x08007f24                        . = ALIGN (0x4)
                0x08007f24                        PROVIDE (__preinit_array_start = .)
 *(.preinit_array*)
                0x08007f24                        PROVIDE (__preinit_array_end = .)
                0x08007f24                        . = ALIGN (0x4)

.init_array     0x08007f24        0x4
                0x08007f24                        . = ALIGN (0x4)
                0x08007f24                        PROVIDE (__init_array_start = .)
 *(SORT_BY_NAME(.init_array.*))
 *(.init_array*)
 .init_array    0x08007f24        0x4 /opt/st/stm32cubeide_1.16.1_3/plugins/com.st.stm32cube.ide.mcu.externaltools.gnu-tools-for-stm32.12.3.rel1.linux64_1.0.200.202406132123/tools/bin/../lib/gcc/arm-none-eabi/12.3.1/thumb/v7e-m+fp/hard/crtbegin.o
                0x08007f28                        PROVIDE (__init_array_end = .)
                0x08007f28                        . = ALIGN (0x4)

.fini_array     0x08007f28        0x4
                0x08007f28                        . = ALIGN (0x4)
                [!provide]                        PROVIDE (__fini_array_start = .)
 *(SORT_BY_NAME(.fini_array.*))
 *(.fini_array*)
 .fini_array    0x08007f28        0x4 /opt/st/stm32cubeide_1.16.1_3/plugins/com.st.stm32cube.ide.mcu.externaltools.gnu-tools-for-stm32.12.3.rel1.linux64_1.0.200.202406132123/tools/bin/../lib/gcc/arm-none-eabi/12.3.1/thumb/v7e-m+fp/hard/crtbegin.o
                [!provide]                        PROVIDE (__fini_array_end = .)
                0x08007f2c                        . = ALIGN (0x4)
                0x08007f2c                        _sidata = LOADADDR (.data)

.rel.dyn        0x08007f2c        0x0
 .rel.iplt      0x08007f2c        0x0 /opt/st/stm32cubeide_1.16.1_3/plugins/com.st.stm32cube.ide.mcu.externaltools.gnu-tools-for-stm32.12.3.rel1.linux64_1.0.200.202406132123/tools/bin/../lib/gcc/arm-none-eabi/12.3.1/thumb/v7e-m+fp/hard/crtbegin.o

.data           0x20000000       0xfc load address 0x08007f2c
                0x20000000                        . = ALIGN (0x4)
                0x20000000                        _sdata = .
 *(.data)
 *(.data*)
 .data.SystemCoreClock
                0x20000000        0x4 ./Core/Src/system_stm32f4xx.o
                0x20000000                SystemCoreClock
 .data.uwTickPrio
                0x20000004        0x4 ./Drivers/STM32F4xx_HAL_Driver/Src/stm32f4xx_hal.o
                0x20000004                uwTickPrio
 .data.uwTickFreq
                0x20000008        0x1 ./Drivers/STM32F4xx_HAL_Driver/Src/stm32f4xx_hal.o
                0x20000008                uwTickFreq
 *fill*         0x20000009        0x3 
 .data.USBD_CDC_DeviceQualifierDesc
                0x2000000c        0xa ./Middlewares/ST/STM32_USB_Device_Library/Class/CDC/Src/usbd_cdc.o
 *fill*         0x20000016        0x2 
 .data.USBD_CDC
                0x20000018       0x38 ./Middlewares/ST/STM32_USB_Device_Library/Class/CDC/Src/usbd_cdc.o
                0x20000018                USBD_CDC
 .data.USBD_CDC_CfgDesc
                0x20000050       0x43 ./Middlewares/ST/STM32_USB_Device_Library/Class/CDC/Src/usbd_cdc.o
 .data.CDCInEpAdd
                0x20000093        0x1 ./Middlewares/ST/STM32_USB_Device_Library/Class/CDC/Src/usbd_cdc.o
 .data.CDCOutEpAdd
                0x20000094        0x1 ./Middlewares/ST/STM32_USB_Device_Library/Class/CDC/Src/usbd_cdc.o
 .data.CDCCmdEpAdd
                0x20000095        0x1 ./Middlewares/ST/STM32_USB_Device_Library/Class/CDC/Src/usbd_cdc.o
 *fill*         0x20000096        0x2 
 .data.USBD_Interface_fops_FS
                0x20000098       0x14 ./USB_DEVICE/App/usbd_cdc_if.o
                0x20000098                USBD_Interface_fops_FS
 .data.FS_Desc  0x200000ac       0x1c ./USB_DEVICE/App/usbd_desc.o
                0x200000ac                FS_Desc
 .data.USBD_FS_DeviceDesc
                0x200000c8       0x12 ./USB_DEVICE/App/usbd_desc.o
                0x200000c8                USBD_FS_DeviceDesc
 *fill*         0x200000da        0x2 
 .data.USBD_LangIDDesc
                0x200000dc        0x4 ./USB_DEVICE/App/usbd_desc.o
                0x200000dc                USBD_LangIDDesc
 .data.USBD_StringSerial
                0x200000e0       0x1a ./USB_DEVICE/App/usbd_desc.o
                0x200000e0                USBD_StringSerial
 *(.RamFunc)
 *(.RamFunc*)
                0x200000fc                        . = ALIGN (0x4)
 *fill*         0x200000fa        0x2 
                0x200000fc                        _edata = .

.igot.plt       0x200000fc        0x0 load address 0x08008028
 .igot.plt      0x200000fc        0x0 /opt/st/stm32cubeide_1.16.1_3/plugins/com.st.stm32cube.ide.mcu.externaltools.gnu-tools-for-stm32.12.3.rel1.linux64_1.0.200.202406132123/tools/bin/../lib/gcc/arm-none-eabi/12.3.1/thumb/v7e-m+fp/hard/crtbegin.o
                0x200000fc                        . = ALIGN (0x4)

.bss            0x200000fc     0x1cc4 load address 0x08008028
                0x200000fc                        _sbss = .
                0x200000fc                        __bss_start__ = _sbss
 *(.bss)
 .bss           0x200000fc       0x1c /opt/st/stm32cubeide_1.16.1_3/plugins/com.st.stm32cube.ide.mcu.externaltools.gnu-tools-for-stm32.12.3.rel1.linux64_1.0.200.202406132123/tools/bin/../lib/gcc/arm-none-eabi/12.3.1/thumb/v7e-m+fp/hard/crtbegin.o
 *(.bss*)
 .bss.hadc1     0x20000118       0x48 ./Core/Src/main.o
                0x20000118                hadc1
 .bss.hdma_adc1
                0x20000160       0x60 ./Core/Src/main.o
                0x20000160                hdma_adc1
 .bss.sensorValues
                0x200001c0        0x8 ./Core/Src/main.o
                0x200001c0                sensorValues
 .bss.data_buffer
                0x200001c8       0x10 ./Core/Src/main.o
                0x200001c8                data_buffer
 .bss.uwTick    0x200001d8        0x4 ./Drivers/STM32F4xx_HAL_Driver/Src/stm32f4xx_hal.o
                0x200001d8                uwTick
 .bss.cfgidx.0  0x200001dc        0x1 ./Middlewares/ST/STM32_USB_Device_Library/Core/Src/usbd_ctlreq.o
 *fill*         0x200001dd        0x3 
 .bss.hUsbDeviceFS
                0x200001e0      0x2dc ./USB_DEVICE/App/usb_device.o
                0x200001e0                hUsbDeviceFS
 .bss.UserRxBufferFS
                0x200004bc      0x800 ./USB_DEVICE/App/usbd_cdc_if.o
                0x200004bc                UserRxBufferFS
 .bss.UserTxBufferFS
                0x20000cbc      0x800 ./USB_DEVICE/App/usbd_cdc_if.o
                0x20000cbc                UserTxBufferFS
 .bss.USBD_StrDesc
                0x200014bc      0x200 ./USB_DEVICE/App/usbd_desc.o
                0x200014bc                USBD_StrDesc
 .bss.hpcd_USB_OTG_FS
                0x200016bc      0x4e4 ./USB_DEVICE/Target/usbd_conf.o
                0x200016bc                hpcd_USB_OTG_FS
 .bss.mem.0     0x20001ba0      0x220 ./USB_DEVICE/Target/usbd_conf.o
 *(COMMON)
                0x20001dc0                        . = ALIGN (0x4)
                0x20001dc0                        _ebss = .
                0x20001dc0                        __bss_end__ = _ebss

._user_heap_stack
                0x20001dc0      0x600 load address 0x08008028
                0x20001dc0                        . = ALIGN (0x8)
                [!provide]                        PROVIDE (end = .)
                0x20001dc0                        PROVIDE (_end = .)
                0x20001fc0                        . = (. + _Min_Heap_Size)
 *fill*         0x20001dc0      0x200 
                0x200023c0                        . = (. + _Min_Stack_Size)
 *fill*         0x20001fc0      0x400 
                0x200023c0                        . = ALIGN (0x8)

/DISCARD/
 libc.a(*)
 libm.a(*)
 libgcc.a(*)

.ARM.attributes
                0x00000000       0x30
 *(.ARM.attributes)
 .ARM.attributes
                0x00000000       0x22 /opt/st/stm32cubeide_1.16.1_3/plugins/com.st.stm32cube.ide.mcu.externaltools.gnu-tools-for-stm32.12.3.rel1.linux64_1.0.200.202406132123/tools/bin/../lib/gcc/arm-none-eabi/12.3.1/thumb/v7e-m+fp/hard/crti.o
 .ARM.attributes
                0x00000022       0x34 /opt/st/stm32cubeide_1.16.1_3/plugins/com.st.stm32cube.ide.mcu.externaltools.gnu-tools-for-stm32.12.3.rel1.linux64_1.0.200.202406132123/tools/bin/../lib/gcc/arm-none-eabi/12.3.1/thumb/v7e-m+fp/hard/crtbegin.o
 .ARM.attributes
                0x00000056       0x34 ./Core/Src/main.o
 .ARM.attributes
                0x0000008a       0x34 ./Core/Src/stm32f4xx_hal_msp.o
 .ARM.attributes
                0x000000be       0x34 ./Core/Src/stm32f4xx_it.o
 .ARM.attributes
                0x000000f2       0x34 ./Core/Src/system_stm32f4xx.o
 .ARM.attributes
                0x00000126       0x21 ./Core/Startup/startup_stm32f401retx.o
 .ARM.attributes
                0x00000147       0x34 ./Drivers/STM32F4xx_HAL_Driver/Src/stm32f4xx_hal.o
 .ARM.attributes
                0x0000017b       0x34 ./Drivers/STM32F4xx_HAL_Driver/Src/stm32f4xx_hal_adc.o
 .ARM.attributes
                0x000001af       0x34 ./Drivers/STM32F4xx_HAL_Driver/Src/stm32f4xx_hal_adc_ex.o
 .ARM.attributes
                0x000001e3       0x34 ./Drivers/STM32F4xx_HAL_Driver/Src/stm32f4xx_hal_cortex.o
 .ARM.attributes
                0x00000217       0x34 ./Drivers/STM32F4xx_HAL_Driver/Src/stm32f4xx_hal_dma.o
 .ARM.attributes
                0x0000024b       0x34 ./Drivers/STM32F4xx_HAL_Driver/Src/stm32f4xx_hal_gpio.o
 .ARM.attributes
                0x0000027f       0x34 ./Drivers/STM32F4xx_HAL_Driver/Src/stm32f4xx_hal_pcd.o
 .ARM.attributes
                0x000002b3       0x34 ./Drivers/STM32F4xx_HAL_Driver/Src/stm32f4xx_hal_pcd_ex.o
 .ARM.attributes
                0x000002e7       0x34 ./Drivers/STM32F4xx_HAL_Driver/Src/stm32f4xx_hal_rcc.o
 .ARM.attributes
                0x0000031b       0x34 ./Drivers/STM32F4xx_HAL_Driver/Src/stm32f4xx_ll_usb.o
 .ARM.attributes
                0x0000034f       0x34 ./Middlewares/ST/STM32_USB_Device_Library/Class/CDC/Src/usbd_cdc.o
 .ARM.attributes
                0x00000383       0x34 ./Middlewares/ST/STM32_USB_Device_Library/Core/Src/usbd_core.o
 .ARM.attributes
                0x000003b7       0x34 ./Middlewares/ST/STM32_USB_Device_Library/Core/Src/usbd_ctlreq.o
 .ARM.attributes
                0x000003eb       0x34 ./Middlewares/ST/STM32_USB_Device_Library/Core/Src/usbd_ioreq.o
 .ARM.attributes
                0x0000041f       0x34 ./USB_DEVICE/App/usb_device.o
 .ARM.attributes
                0x00000453       0x34 ./USB_DEVICE/App/usbd_cdc_if.o
 .ARM.attributes
                0x00000487       0x34 ./USB_DEVICE/App/usbd_desc.o
 .ARM.attributes
                0x000004bb       0x34 ./USB_DEVICE/Target/usbd_conf.o
 .ARM.attributes
                0x000004ef       0x34 /opt/st/stm32cubeide_1.16.1_3/plugins/com.st.stm32cube.ide.mcu.externaltools.gnu-tools-for-stm32.12.3.rel1.linux64_1.0.200.202406132123/tools/bin/../lib/gcc/arm-none-eabi/12.3.1/../../../../arm-none-eabi/lib/thumb/v7e-m+fp/hard/libc_nano.a(libc_a-memset.o)
 .ARM.attributes
                0x00000523       0x34 /opt/st/stm32cubeide_1.16.1_3/plugins/com.st.stm32cube.ide.mcu.externaltools.gnu-tools-for-stm32.12.3.rel1.linux64_1.0.200.202406132123/tools/bin/../lib/gcc/arm-none-eabi/12.3.1/../../../../arm-none-eabi/lib/thumb/v7e-m+fp/hard/libc_nano.a(libc_a-init.o)
 .ARM.attributes
                0x00000557       0x22 /opt/st/stm32cubeide_1.16.1_3/plugins/com.st.stm32cube.ide.mcu.externaltools.gnu-tools-for-stm32.12.3.rel1.linux64_1.0.200.202406132123/tools/bin/../lib/gcc/arm-none-eabi/12.3.1/thumb/v7e-m+fp/hard/libgcc.a(_aeabi_uldivmod.o)
 .ARM.attributes
                0x00000579       0x34 /opt/st/stm32cubeide_1.16.1_3/plugins/com.st.stm32cube.ide.mcu.externaltools.gnu-tools-for-stm32.12.3.rel1.linux64_1.0.200.202406132123/tools/bin/../lib/gcc/arm-none-eabi/12.3.1/thumb/v7e-m+fp/hard/libgcc.a(_udivmoddi4.o)
 .ARM.attributes
                0x000005ad       0x22 /opt/st/stm32cubeide_1.16.1_3/plugins/com.st.stm32cube.ide.mcu.externaltools.gnu-tools-for-stm32.12.3.rel1.linux64_1.0.200.202406132123/tools/bin/../lib/gcc/arm-none-eabi/12.3.1/thumb/v7e-m+fp/hard/libgcc.a(_dvmd_tls.o)
 .ARM.attributes
                0x000005cf       0x22 /opt/st/stm32cubeide_1.16.1_3/plugins/com.st.stm32cube.ide.mcu.externaltools.gnu-tools-for-stm32.12.3.rel1.linux64_1.0.200.202406132123/tools/bin/../lib/gcc/arm-none-eabi/12.3.1/thumb/v7e-m+fp/hard/crtn.o
OUTPUT(press_test.elf elf32-littlearm)
LOAD linker stubs
LOAD /opt/st/stm32cubeide_1.16.1_3/plugins/com.st.stm32cube.ide.mcu.externaltools.gnu-tools-for-stm32.12.3.rel1.linux64_1.0.200.202406132123/tools/bin/../lib/gcc/arm-none-eabi/12.3.1/../../../../arm-none-eabi/lib/thumb/v7e-m+fp/hard/libc.a
LOAD /opt/st/stm32cubeide_1.16.1_3/plugins/com.st.stm32cube.ide.mcu.externaltools.gnu-tools-for-stm32.12.3.rel1.linux64_1.0.200.202406132123/tools/bin/../lib/gcc/arm-none-eabi/12.3.1/../../../../arm-none-eabi/lib/thumb/v7e-m+fp/hard/libm.a
LOAD /opt/st/stm32cubeide_1.16.1_3/plugins/com.st.stm32cube.ide.mcu.externaltools.gnu-tools-for-stm32.12.3.rel1.linux64_1.0.200.202406132123/tools/bin/../lib/gcc/arm-none-eabi/12.3.1/thumb/v7e-m+fp/hard/libgcc.a

.debug_info     0x00000000    0x109e0
 .debug_info    0x00000000      0xe1a ./Core/Src/main.o
 .debug_info    0x00000e1a      0xb65 ./Core/Src/stm32f4xx_hal_msp.o
 .debug_info    0x0000197f      0xb2a ./Core/Src/stm32f4xx_it.o
 .debug_info    0x000024a9      0x53e ./Core/Src/system_stm32f4xx.o
 .debug_info    0x000029e7       0x30 ./Core/Startup/startup_stm32f401retx.o
 .debug_info    0x00002a17      0x8bb ./Drivers/STM32F4xx_HAL_Driver/Src/stm32f4xx_hal.o
 .debug_info    0x000032d2      0xcd1 ./Drivers/STM32F4xx_HAL_Driver/Src/stm32f4xx_hal_adc.o
 .debug_info    0x00003fa3      0xb56 ./Drivers/STM32F4xx_HAL_Driver/Src/stm32f4xx_hal_adc_ex.o
 .debug_info    0x00004af9      0xcf6 ./Drivers/STM32F4xx_HAL_Driver/Src/stm32f4xx_hal_cortex.o
 .debug_info    0x000057ef      0x8e6 ./Drivers/STM32F4xx_HAL_Driver/Src/stm32f4xx_hal_dma.o
 .debug_info    0x000060d5      0x6f9 ./Drivers/STM32F4xx_HAL_Driver/Src/stm32f4xx_hal_gpio.o
 .debug_info    0x000067ce     0x1577 ./Drivers/STM32F4xx_HAL_Driver/Src/stm32f4xx_hal_pcd.o
 .debug_info    0x00007d45      0x6ea ./Drivers/STM32F4xx_HAL_Driver/Src/stm32f4xx_hal_pcd_ex.o
 .debug_info    0x0000842f      0x8f1 ./Drivers/STM32F4xx_HAL_Driver/Src/stm32f4xx_hal_rcc.o
 .debug_info    0x00008d20     0x1993 ./Drivers/STM32F4xx_HAL_Driver/Src/stm32f4xx_ll_usb.o
 .debug_info    0x0000a6b3     0x12a3 ./Middlewares/ST/STM32_USB_Device_Library/Class/CDC/Src/usbd_cdc.o
 .debug_info    0x0000b956      0xe05 ./Middlewares/ST/STM32_USB_Device_Library/Core/Src/usbd_core.o
 .debug_info    0x0000c75b      0xade ./Middlewares/ST/STM32_USB_Device_Library/Core/Src/usbd_ctlreq.o
 .debug_info    0x0000d239      0x755 ./Middlewares/ST/STM32_USB_Device_Library/Core/Src/usbd_ioreq.o
 .debug_info    0x0000d98e      0x701 ./USB_DEVICE/App/usb_device.o
 .debug_info    0x0000e08f      0x8fa ./USB_DEVICE/App/usbd_cdc_if.o
 .debug_info    0x0000e989      0x458 ./USB_DEVICE/App/usbd_desc.o
 .debug_info    0x0000ede1     0x1bff ./USB_DEVICE/Target/usbd_conf.o

.debug_abbrev   0x00000000     0x3224
 .debug_abbrev  0x00000000      0x2ed ./Core/Src/main.o
 .debug_abbrev  0x000002ed      0x202 ./Core/Src/stm32f4xx_hal_msp.o
 .debug_abbrev  0x000004ef      0x1bf ./Core/Src/stm32f4xx_it.o
 .debug_abbrev  0x000006ae      0x11a ./Core/Src/system_stm32f4xx.o
 .debug_abbrev  0x000007c8       0x24 ./Core/Startup/startup_stm32f401retx.o
 .debug_abbrev  0x000007ec      0x24b ./Drivers/STM32F4xx_HAL_Driver/Src/stm32f4xx_hal.o
 .debug_abbrev  0x00000a37      0x20e ./Drivers/STM32F4xx_HAL_Driver/Src/stm32f4xx_hal_adc.o
 .debug_abbrev  0x00000c45      0x22c ./Drivers/STM32F4xx_HAL_Driver/Src/stm32f4xx_hal_adc_ex.o
 .debug_abbrev  0x00000e71      0x31d ./Drivers/STM32F4xx_HAL_Driver/Src/stm32f4xx_hal_cortex.o
 .debug_abbrev  0x0000118e      0x221 ./Drivers/STM32F4xx_HAL_Driver/Src/stm32f4xx_hal_dma.o
 .debug_abbrev  0x000013af      0x1d3 ./Drivers/STM32F4xx_HAL_Driver/Src/stm32f4xx_hal_gpio.o
 .debug_abbrev  0x00001582      0x2b6 ./Drivers/STM32F4xx_HAL_Driver/Src/stm32f4xx_hal_pcd.o
 .debug_abbrev  0x00001838      0x1da ./Drivers/STM32F4xx_HAL_Driver/Src/stm32f4xx_hal_pcd_ex.o
 .debug_abbrev  0x00001a12      0x2b6 ./Drivers/STM32F4xx_HAL_Driver/Src/stm32f4xx_hal_rcc.o
 .debug_abbrev  0x00001cc8      0x2b3 ./Drivers/STM32F4xx_HAL_Driver/Src/stm32f4xx_ll_usb.o
 .debug_abbrev  0x00001f7b      0x2d2 ./Middlewares/ST/STM32_USB_Device_Library/Class/CDC/Src/usbd_cdc.o
 .debug_abbrev  0x0000224d      0x27c ./Middlewares/ST/STM32_USB_Device_Library/Core/Src/usbd_core.o
 .debug_abbrev  0x000024c9      0x26f ./Middlewares/ST/STM32_USB_Device_Library/Core/Src/usbd_ctlreq.o
 .debug_abbrev  0x00002738      0x19a ./Middlewares/ST/STM32_USB_Device_Library/Core/Src/usbd_ioreq.o
 .debug_abbrev  0x000028d2      0x195 ./USB_DEVICE/App/usb_device.o
 .debug_abbrev  0x00002a67      0x29d ./USB_DEVICE/App/usbd_cdc_if.o
 .debug_abbrev  0x00002d04      0x1e1 ./USB_DEVICE/App/usbd_desc.o
 .debug_abbrev  0x00002ee5      0x33f ./USB_DEVICE/Target/usbd_conf.o

.debug_aranges  0x00000000      0xd90
 .debug_aranges
                0x00000000       0x50 ./Core/Src/main.o
 .debug_aranges
                0x00000050       0x30 ./Core/Src/stm32f4xx_hal_msp.o
 .debug_aranges
                0x00000080       0x78 ./Core/Src/stm32f4xx_it.o
 .debug_aranges
                0x000000f8       0x28 ./Core/Src/system_stm32f4xx.o
 .debug_aranges
                0x00000120       0x28 ./Core/Startup/startup_stm32f401retx.o
 .debug_aranges
                0x00000148       0xf0 ./Drivers/STM32F4xx_HAL_Driver/Src/stm32f4xx_hal.o
 .debug_aranges
                0x00000238       0xe8 ./Drivers/STM32F4xx_HAL_Driver/Src/stm32f4xx_hal_adc.o
 .debug_aranges
                0x00000320       0x90 ./Drivers/STM32F4xx_HAL_Driver/Src/stm32f4xx_hal_adc_ex.o
 .debug_aranges
                0x000003b0      0x130 ./Drivers/STM32F4xx_HAL_Driver/Src/stm32f4xx_hal_cortex.o
 .debug_aranges
                0x000004e0       0x90 ./Drivers/STM32F4xx_HAL_Driver/Src/stm32f4xx_hal_dma.o
 .debug_aranges
                0x00000570       0x58 ./Drivers/STM32F4xx_HAL_Driver/Src/stm32f4xx_hal_gpio.o
 .debug_aranges
                0x000005c8      0x148 ./Drivers/STM32F4xx_HAL_Driver/Src/stm32f4xx_hal_pcd.o
 .debug_aranges
                0x00000710       0x38 ./Drivers/STM32F4xx_HAL_Driver/Src/stm32f4xx_hal_pcd_ex.o
 .debug_aranges
                0x00000748       0x88 ./Drivers/STM32F4xx_HAL_Driver/Src/stm32f4xx_hal_rcc.o
 .debug_aranges
                0x000007d0      0x1a0 ./Drivers/STM32F4xx_HAL_Driver/Src/stm32f4xx_ll_usb.o
 .debug_aranges
                0x00000970       0x90 ./Middlewares/ST/STM32_USB_Device_Library/Class/CDC/Src/usbd_cdc.o
 .debug_aranges
                0x00000a00       0xd8 ./Middlewares/ST/STM32_USB_Device_Library/Core/Src/usbd_core.o
 .debug_aranges
                0x00000ad8       0x90 ./Middlewares/ST/STM32_USB_Device_Library/Core/Src/usbd_ctlreq.o
 .debug_aranges
                0x00000b68       0x50 ./Middlewares/ST/STM32_USB_Device_Library/Core/Src/usbd_ioreq.o
 .debug_aranges
                0x00000bb8       0x20 ./USB_DEVICE/App/usb_device.o
 .debug_aranges
                0x00000bd8       0x48 ./USB_DEVICE/App/usbd_cdc_if.o
 .debug_aranges
                0x00000c20       0x60 ./USB_DEVICE/App/usbd_desc.o
 .debug_aranges
                0x00000c80      0x110 ./USB_DEVICE/Target/usbd_conf.o

.debug_rnglists
                0x00000000      0xa17
 .debug_rnglists
                0x00000000       0x3b ./Core/Src/main.o
 .debug_rnglists
                0x0000003b       0x20 ./Core/Src/stm32f4xx_hal_msp.o
 .debug_rnglists
                0x0000005b       0x55 ./Core/Src/stm32f4xx_it.o
 .debug_rnglists
                0x000000b0       0x1a ./Core/Src/system_stm32f4xx.o
 .debug_rnglists
                0x000000ca       0x19 ./Core/Startup/startup_stm32f401retx.o
 .debug_rnglists
                0x000000e3       0xaf ./Drivers/STM32F4xx_HAL_Driver/Src/stm32f4xx_hal.o
 .debug_rnglists
                0x00000192       0xb5 ./Drivers/STM32F4xx_HAL_Driver/Src/stm32f4xx_hal_adc.o
 .debug_rnglists
                0x00000247       0x71 ./Drivers/STM32F4xx_HAL_Driver/Src/stm32f4xx_hal_adc_ex.o
 .debug_rnglists
                0x000002b8       0xe0 ./Drivers/STM32F4xx_HAL_Driver/Src/stm32f4xx_hal_cortex.o
 .debug_rnglists
                0x00000398       0x70 ./Drivers/STM32F4xx_HAL_Driver/Src/stm32f4xx_hal_dma.o
 .debug_rnglists
                0x00000408       0x3f ./Drivers/STM32F4xx_HAL_Driver/Src/stm32f4xx_hal_gpio.o
 .debug_rnglists
                0x00000447       0xfa ./Drivers/STM32F4xx_HAL_Driver/Src/stm32f4xx_hal_pcd.o
 .debug_rnglists
                0x00000541       0x26 ./Drivers/STM32F4xx_HAL_Driver/Src/stm32f4xx_hal_pcd_ex.o
 .debug_rnglists
                0x00000567       0x66 ./Drivers/STM32F4xx_HAL_Driver/Src/stm32f4xx_hal_rcc.o
 .debug_rnglists
                0x000005cd      0x147 ./Drivers/STM32F4xx_HAL_Driver/Src/stm32f4xx_ll_usb.o
 .debug_rnglists
                0x00000714       0x6c ./Middlewares/ST/STM32_USB_Device_Library/Class/CDC/Src/usbd_cdc.o
 .debug_rnglists
                0x00000780       0xa1 ./Middlewares/ST/STM32_USB_Device_Library/Core/Src/usbd_core.o
 .debug_rnglists
                0x00000821       0x6e ./Middlewares/ST/STM32_USB_Device_Library/Core/Src/usbd_ctlreq.o
 .debug_rnglists
                0x0000088f       0x37 ./Middlewares/ST/STM32_USB_Device_Library/Core/Src/usbd_ioreq.o
 .debug_rnglists
                0x000008c6       0x13 ./USB_DEVICE/App/usb_device.o
 .debug_rnglists
                0x000008d9       0x32 ./USB_DEVICE/App/usbd_cdc_if.o
 .debug_rnglists
                0x0000090b       0x43 ./USB_DEVICE/App/usbd_desc.o
 .debug_rnglists
                0x0000094e       0xc9 ./USB_DEVICE/Target/usbd_conf.o

.debug_macro    0x00000000    0x194d3
 .debug_macro   0x00000000      0x3b4 ./Core/Src/main.o
 .debug_macro   0x000003b4      0xab4 ./Core/Src/main.o
 .debug_macro   0x00000e68       0x22 ./Core/Src/main.o
 .debug_macro   0x00000e8a       0x5b ./Core/Src/main.o
 .debug_macro   0x00000ee5       0x2a ./Core/Src/main.o
 .debug_macro   0x00000f0f       0x94 ./Core/Src/main.o
 .debug_macro   0x00000fa3       0x43 ./Core/Src/main.o
 .debug_macro   0x00000fe6       0x34 ./Core/Src/main.o
 .debug_macro   0x0000101a       0x16 ./Core/Src/main.o
 .debug_macro   0x00001030       0x57 ./Core/Src/main.o
 .debug_macro   0x00001087       0x9e ./Core/Src/main.o
 .debug_macro   0x00001125      0x369 ./Core/Src/main.o
 .debug_macro   0x0000148e      0x10b ./Core/Src/main.o
 .debug_macro   0x00001599       0x10 ./Core/Src/main.o
 .debug_macro   0x000015a9       0x16 ./Core/Src/main.o
 .debug_macro   0x000015bf       0x43 ./Core/Src/main.o
 .debug_macro   0x00001602       0x34 ./Core/Src/main.o
 .debug_macro   0x00001636       0x10 ./Core/Src/main.o
 .debug_macro   0x00001646       0x58 ./Core/Src/main.o
 .debug_macro   0x0000169e       0x8e ./Core/Src/main.o
 .debug_macro   0x0000172c       0x1c ./Core/Src/main.o
 .debug_macro   0x00001748      0x177 ./Core/Src/main.o
 .debug_macro   0x000018bf       0x16 ./Core/Src/main.o
 .debug_macro   0x000018d5       0x16 ./Core/Src/main.o
 .debug_macro   0x000018eb      0x146 ./Core/Src/main.o
 .debug_macro   0x00001a31       0x16 ./Core/Src/main.o
 .debug_macro   0x00001a47       0x35 ./Core/Src/main.o
 .debug_macro   0x00001a7c       0x16 ./Core/Src/main.o
 .debug_macro   0x00001a92       0x29 ./Core/Src/main.o
 .debug_macro   0x00001abb       0x16 ./Core/Src/main.o
 .debug_macro   0x00001ad1       0x20 ./Core/Src/main.o
 .debug_macro   0x00001af1      0x29b ./Core/Src/main.o
 .debug_macro   0x00001d8c       0x2e ./Core/Src/main.o
 .debug_macro   0x00001dba       0x28 ./Core/Src/main.o
 .debug_macro   0x00001de2      0x103 ./Core/Src/main.o
 .debug_macro   0x00001ee5       0x6a ./Core/Src/main.o
 .debug_macro   0x00001f4f      0x1df ./Core/Src/main.o
 .debug_macro   0x0000212e       0x1c ./Core/Src/main.o
 .debug_macro   0x0000214a       0x22 ./Core/Src/main.o
 .debug_macro   0x0000216c       0xfb ./Core/Src/main.o
 .debug_macro   0x00002267     0x1011 ./Core/Src/main.o
 .debug_macro   0x00003278      0x11f ./Core/Src/main.o
 .debug_macro   0x00003397     0xb86c ./Core/Src/main.o
 .debug_macro   0x0000ec03       0x6d ./Core/Src/main.o
 .debug_macro   0x0000ec70     0x369a ./Core/Src/main.o
 .debug_macro   0x0001230a       0x56 ./Core/Src/main.o
 .debug_macro   0x00012360      0x416 ./Core/Src/main.o
 .debug_macro   0x00012776      0x9e9 ./Core/Src/main.o
 .debug_macro   0x0001315f      0x115 ./Core/Src/main.o
 .debug_macro   0x00013274       0xf8 ./Core/Src/main.o
 .debug_macro   0x0001336c       0xa5 ./Core/Src/main.o
 .debug_macro   0x00013411      0x15f ./Core/Src/main.o
 .debug_macro   0x00013570      0x287 ./Core/Src/main.o
 .debug_macro   0x000137f7       0x5f ./Core/Src/main.o
 .debug_macro   0x00013856      0x236 ./Core/Src/main.o
 .debug_macro   0x00013a8c      0x9e1 ./Core/Src/main.o
 .debug_macro   0x0001446d      0x38b ./Core/Src/main.o
 .debug_macro   0x000147f8      0x176 ./Core/Src/main.o
 .debug_macro   0x0001496e       0xf9 ./Core/Src/main.o
 .debug_macro   0x00014a67      0x132 ./Core/Src/main.o
 .debug_macro   0x00014b99      0x264 ./Core/Src/main.o
 .debug_macro   0x00014dfd       0x2e ./Core/Src/main.o
 .debug_macro   0x00014e2b      0x127 ./Core/Src/main.o
 .debug_macro   0x00014f52       0x85 ./Core/Src/main.o
 .debug_macro   0x00014fd7       0x89 ./Core/Src/main.o
 .debug_macro   0x00015060      0x293 ./Core/Src/main.o
 .debug_macro   0x000152f3       0xba ./Core/Src/main.o
 .debug_macro   0x000153ad      0x126 ./Core/Src/main.o
 .debug_macro   0x000154d3       0x65 ./Core/Src/main.o
 .debug_macro   0x00015538      0x20f ./Core/Src/main.o
 .debug_macro   0x00015747       0x95 ./Core/Src/main.o
 .debug_macro   0x000157dc       0x10 ./Core/Src/main.o
 .debug_macro   0x000157ec      0x206 ./Core/Src/stm32f4xx_hal_msp.o
 .debug_macro   0x000159f2       0x8e ./Core/Src/stm32f4xx_hal_msp.o
 .debug_macro   0x00015a80       0x51 ./Core/Src/stm32f4xx_hal_msp.o
 .debug_macro   0x00015ad1      0x189 ./Core/Src/stm32f4xx_hal_msp.o
 .debug_macro   0x00015c5a       0x5c ./Core/Src/stm32f4xx_hal_msp.o
 .debug_macro   0x00015cb6      0x210 ./Core/Src/stm32f4xx_it.o
 .debug_macro   0x00015ec6      0x1fc ./Core/Src/system_stm32f4xx.o
 .debug_macro   0x000160c2      0x25c ./Drivers/STM32F4xx_HAL_Driver/Src/stm32f4xx_hal.o
 .debug_macro   0x0001631e      0x1fd ./Drivers/STM32F4xx_HAL_Driver/Src/stm32f4xx_hal_adc.o
 .debug_macro   0x0001651b      0x1fc ./Drivers/STM32F4xx_HAL_Driver/Src/stm32f4xx_hal_adc_ex.o
 .debug_macro   0x00016717      0x1fc ./Drivers/STM32F4xx_HAL_Driver/Src/stm32f4xx_hal_cortex.o
 .debug_macro   0x00016913      0x202 ./Drivers/STM32F4xx_HAL_Driver/Src/stm32f4xx_hal_dma.o
 .debug_macro   0x00016b15      0x202 ./Drivers/STM32F4xx_HAL_Driver/Src/stm32f4xx_hal_gpio.o
 .debug_macro   0x00016d17      0x208 ./Drivers/STM32F4xx_HAL_Driver/Src/stm32f4xx_hal_pcd.o
 .debug_macro   0x00016f1f      0x1fc ./Drivers/STM32F4xx_HAL_Driver/Src/stm32f4xx_hal_pcd_ex.o
 .debug_macro   0x0001711b      0x220 ./Drivers/STM32F4xx_HAL_Driver/Src/stm32f4xx_hal_rcc.o
 .debug_macro   0x0001733b      0x1fc ./Drivers/STM32F4xx_HAL_Driver/Src/stm32f4xx_ll_usb.o
 .debug_macro   0x00017537      0x395 ./Middlewares/ST/STM32_USB_Device_Library/Class/CDC/Src/usbd_cdc.o
 .debug_macro   0x000178cc      0x37c ./Middlewares/ST/STM32_USB_Device_Library/Core/Src/usbd_core.o
 .debug_macro   0x00017c48      0x215 ./Middlewares/ST/STM32_USB_Device_Library/Core/Src/usbd_core.o
 .debug_macro   0x00017e5d      0x386 ./Middlewares/ST/STM32_USB_Device_Library/Core/Src/usbd_ctlreq.o
 .debug_macro   0x000181e3      0x382 ./Middlewares/ST/STM32_USB_Device_Library/Core/Src/usbd_ioreq.o
 .debug_macro   0x00018565      0x3bb ./USB_DEVICE/App/usb_device.o
 .debug_macro   0x00018920       0x61 ./USB_DEVICE/App/usb_device.o
 .debug_macro   0x00018981       0x22 ./USB_DEVICE/App/usb_device.o
 .debug_macro   0x000189a3       0x16 ./USB_DEVICE/App/usb_device.o
 .debug_macro   0x000189b9      0x3a0 ./USB_DEVICE/App/usbd_cdc_if.o
 .debug_macro   0x00018d59      0x3bf ./USB_DEVICE/App/usbd_desc.o
 .debug_macro   0x00019118       0x1c ./USB_DEVICE/App/usbd_desc.o
 .debug_macro   0x00019134      0x39f ./USB_DEVICE/Target/usbd_conf.o

.debug_line     0x00000000    0x11e8f
 .debug_line    0x00000000      0xb80 ./Core/Src/main.o
 .debug_line    0x00000b80      0x752 ./Core/Src/stm32f4xx_hal_msp.o
 .debug_line    0x000012d2      0x7eb ./Core/Src/stm32f4xx_it.o
 .debug_line    0x00001abd      0x765 ./Core/Src/system_stm32f4xx.o
 .debug_line    0x00002222       0x7a ./Core/Startup/startup_stm32f401retx.o
 .debug_line    0x0000229c      0x9ce ./Drivers/STM32F4xx_HAL_Driver/Src/stm32f4xx_hal.o
 .debug_line    0x00002c6a     0x118a ./Drivers/STM32F4xx_HAL_Driver/Src/stm32f4xx_hal_adc.o
 .debug_line    0x00003df4      0xecc ./Drivers/STM32F4xx_HAL_Driver/Src/stm32f4xx_hal_adc_ex.o
 .debug_line    0x00004cc0      0xcc0 ./Drivers/STM32F4xx_HAL_Driver/Src/stm32f4xx_hal_cortex.o
 .debug_line    0x00005980      0xf3e ./Drivers/STM32F4xx_HAL_Driver/Src/stm32f4xx_hal_dma.o
 .debug_line    0x000068be      0xb1e ./Drivers/STM32F4xx_HAL_Driver/Src/stm32f4xx_hal_gpio.o
 .debug_line    0x000073dc     0x14b7 ./Drivers/STM32F4xx_HAL_Driver/Src/stm32f4xx_hal_pcd.o
 .debug_line    0x00008893      0x7ab ./Drivers/STM32F4xx_HAL_Driver/Src/stm32f4xx_hal_pcd_ex.o
 .debug_line    0x0000903e      0xd57 ./Drivers/STM32F4xx_HAL_Driver/Src/stm32f4xx_hal_rcc.o
 .debug_line    0x00009d95     0x1d4d ./Drivers/STM32F4xx_HAL_Driver/Src/stm32f4xx_ll_usb.o
 .debug_line    0x0000bae2      0xe58 ./Middlewares/ST/STM32_USB_Device_Library/Class/CDC/Src/usbd_cdc.o
 .debug_line    0x0000c93a      0xed2 ./Middlewares/ST/STM32_USB_Device_Library/Core/Src/usbd_core.o
 .debug_line    0x0000d80c     0x10e2 ./Middlewares/ST/STM32_USB_Device_Library/Core/Src/usbd_ctlreq.o
 .debug_line    0x0000e8ee      0x9ec ./Middlewares/ST/STM32_USB_Device_Library/Core/Src/usbd_ioreq.o
 .debug_line    0x0000f2da      0x9a8 ./USB_DEVICE/App/usb_device.o
 .debug_line    0x0000fc82      0xa0b ./USB_DEVICE/App/usbd_cdc_if.o
 .debug_line    0x0001068d      0xa71 ./USB_DEVICE/App/usbd_desc.o
 .debug_line    0x000110fe      0xd91 ./USB_DEVICE/Target/usbd_conf.o

.debug_str      0x00000000    0x927f7
 .debug_str     0x00000000    0x8ee32 ./Core/Src/main.o
                              0x8f1db (size before relaxing)
 .debug_str     0x0008ee32      0x103 ./Core/Src/stm32f4xx_hal_msp.o
                              0x8a9e9 (size before relaxing)
 .debug_str     0x0008ef35      0x49e ./Core/Src/stm32f4xx_it.o
                              0x8a8a3 (size before relaxing)
 .debug_str     0x0008f3d3       0xdb ./Core/Src/system_stm32f4xx.o
                              0x8a1c8 (size before relaxing)
 .debug_str     0x0008f4ae       0x44 ./Core/Startup/startup_stm32f401retx.o
                                 0x6e (size before relaxing)
 .debug_str     0x0008f4f2      0x60d ./Drivers/STM32F4xx_HAL_Driver/Src/stm32f4xx_hal.o
                              0x8abea (size before relaxing)
 .debug_str     0x0008faff      0x279 ./Drivers/STM32F4xx_HAL_Driver/Src/stm32f4xx_hal_adc.o
                              0x8a7a3 (size before relaxing)
 .debug_str     0x0008fd78      0x2df ./Drivers/STM32F4xx_HAL_Driver/Src/stm32f4xx_hal_adc_ex.o
                              0x8a7f7 (size before relaxing)
 .debug_str     0x00090057      0x36b ./Drivers/STM32F4xx_HAL_Driver/Src/stm32f4xx_hal_cortex.o
                              0x8a954 (size before relaxing)
 .debug_str     0x000903c2      0x2cf ./Drivers/STM32F4xx_HAL_Driver/Src/stm32f4xx_hal_dma.o
                              0x8a5d0 (size before relaxing)
 .debug_str     0x00090691      0x15d ./Drivers/STM32F4xx_HAL_Driver/Src/stm32f4xx_hal_gpio.o
                              0x8a343 (size before relaxing)
 .debug_str     0x000907ee      0x831 ./Drivers/STM32F4xx_HAL_Driver/Src/stm32f4xx_hal_pcd.o
                              0x8ac94 (size before relaxing)
 .debug_str     0x0009101f      0x115 ./Drivers/STM32F4xx_HAL_Driver/Src/stm32f4xx_hal_pcd_ex.o
                              0x8a584 (size before relaxing)
 .debug_str     0x00091134      0x21f ./Drivers/STM32F4xx_HAL_Driver/Src/stm32f4xx_hal_rcc.o
                              0x8a5fc (size before relaxing)
 .debug_str     0x00091353      0x4b9 ./Drivers/STM32F4xx_HAL_Driver/Src/stm32f4xx_ll_usb.o
                              0x8ab6f (size before relaxing)
 .debug_str     0x0009180c      0x6d8 ./Middlewares/ST/STM32_USB_Device_Library/Class/CDC/Src/usbd_cdc.o
                              0x8f187 (size before relaxing)
 .debug_str     0x00091ee4      0x35c ./Middlewares/ST/STM32_USB_Device_Library/Core/Src/usbd_core.o
                              0x8eae0 (size before relaxing)
 .debug_str     0x00092240      0x139 ./Middlewares/ST/STM32_USB_Device_Library/Core/Src/usbd_ctlreq.o
                              0x8e90b (size before relaxing)
 .debug_str     0x00092379       0x51 ./Middlewares/ST/STM32_USB_Device_Library/Core/Src/usbd_ioreq.o
                              0x8e7e0 (size before relaxing)
 .debug_str     0x000923ca       0xc6 ./USB_DEVICE/App/usb_device.o
                              0x8eb93 (size before relaxing)
 .debug_str     0x00092490       0x91 ./USB_DEVICE/App/usbd_cdc_if.o
                              0x8ebd3 (size before relaxing)
 .debug_str     0x00092521      0x26e ./USB_DEVICE/App/usbd_desc.o
                              0x8e6e0 (size before relaxing)
 .debug_str     0x0009278f       0x68 ./USB_DEVICE/Target/usbd_conf.o
                              0x8f885 (size before relaxing)

.comment        0x00000000       0x43
 .comment       0x00000000       0x43 ./Core/Src/main.o
                                 0x44 (size before relaxing)
 .comment       0x00000043       0x44 ./Core/Src/stm32f4xx_hal_msp.o
 .comment       0x00000043       0x44 ./Core/Src/stm32f4xx_it.o
 .comment       0x00000043       0x44 ./Core/Src/system_stm32f4xx.o
 .comment       0x00000043       0x44 ./Drivers/STM32F4xx_HAL_Driver/Src/stm32f4xx_hal.o
 .comment       0x00000043       0x44 ./Drivers/STM32F4xx_HAL_Driver/Src/stm32f4xx_hal_adc.o
 .comment       0x00000043       0x44 ./Drivers/STM32F4xx_HAL_Driver/Src/stm32f4xx_hal_adc_ex.o
 .comment       0x00000043       0x44 ./Drivers/STM32F4xx_HAL_Driver/Src/stm32f4xx_hal_cortex.o
 .comment       0x00000043       0x44 ./Drivers/STM32F4xx_HAL_Driver/Src/stm32f4xx_hal_dma.o
 .comment       0x00000043       0x44 ./Drivers/STM32F4xx_HAL_Driver/Src/stm32f4xx_hal_gpio.o
 .comment       0x00000043       0x44 ./Drivers/STM32F4xx_HAL_Driver/Src/stm32f4xx_hal_pcd.o
 .comment       0x00000043       0x44 ./Drivers/STM32F4xx_HAL_Driver/Src/stm32f4xx_hal_pcd_ex.o
 .comment       0x00000043       0x44 ./Drivers/STM32F4xx_HAL_Driver/Src/stm32f4xx_hal_rcc.o
 .comment       0x00000043       0x44 ./Drivers/STM32F4xx_HAL_Driver/Src/stm32f4xx_ll_usb.o
 .comment       0x00000043       0x44 ./Middlewares/ST/STM32_USB_Device_Library/Class/CDC/Src/usbd_cdc.o
 .comment       0x00000043       0x44 ./Middlewares/ST/STM32_USB_Device_Library/Core/Src/usbd_core.o
 .comment       0x00000043       0x44 ./Middlewares/ST/STM32_USB_Device_Library/Core/Src/usbd_ctlreq.o
 .comment       0x00000043       0x44 ./Middlewares/ST/STM32_USB_Device_Library/Core/Src/usbd_ioreq.o
 .comment       0x00000043       0x44 ./USB_DEVICE/App/usb_device.o
 .comment       0x00000043       0x44 ./USB_DEVICE/App/usbd_cdc_if.o
 .comment       0x00000043       0x44 ./USB_DEVICE/App/usbd_desc.o
 .comment       0x00000043       0x44 ./USB_DEVICE/Target/usbd_conf.o

.debug_frame    0x00000000     0x365c
 .debug_frame   0x00000000      0x100 ./Core/Src/main.o
 .debug_frame   0x00000100       0x80 ./Core/Src/stm32f4xx_hal_msp.o
 .debug_frame   0x00000180      0x158 ./Core/Src/stm32f4xx_it.o
 .debug_frame   0x000002d8       0x58 ./Core/Src/system_stm32f4xx.o
 .debug_frame   0x00000330      0x374 ./Drivers/STM32F4xx_HAL_Driver/Src/stm32f4xx_hal.o
 .debug_frame   0x000006a4      0x3fc ./Drivers/STM32F4xx_HAL_Driver/Src/stm32f4xx_hal_adc.o
 .debug_frame   0x00000aa0      0x250 ./Drivers/STM32F4xx_HAL_Driver/Src/stm32f4xx_hal_adc_ex.o
 .debug_frame   0x00000cf0      0x508 ./Drivers/STM32F4xx_HAL_Driver/Src/stm32f4xx_hal_cortex.o
 .debug_frame   0x000011f8      0x250 ./Drivers/STM32F4xx_HAL_Driver/Src/stm32f4xx_hal_dma.o
 .debug_frame   0x00001448      0x14c ./Drivers/STM32F4xx_HAL_Driver/Src/stm32f4xx_hal_gpio.o
 .debug_frame   0x00001594      0x5b8 ./Drivers/STM32F4xx_HAL_Driver/Src/stm32f4xx_hal_pcd.o
 .debug_frame   0x00001b4c       0xb0 ./Drivers/STM32F4xx_HAL_Driver/Src/stm32f4xx_hal_pcd_ex.o
 .debug_frame   0x00001bfc      0x1f4 ./Drivers/STM32F4xx_HAL_Driver/Src/stm32f4xx_hal_rcc.o
 .debug_frame   0x00001df0      0x7c0 ./Drivers/STM32F4xx_HAL_Driver/Src/stm32f4xx_ll_usb.o
 .debug_frame   0x000025b0      0x23c ./Middlewares/ST/STM32_USB_Device_Library/Class/CDC/Src/usbd_cdc.o
 .debug_frame   0x000027ec      0x390 ./Middlewares/ST/STM32_USB_Device_Library/Core/Src/usbd_core.o
 .debug_frame   0x00002b7c      0x23c ./Middlewares/ST/STM32_USB_Device_Library/Core/Src/usbd_ctlreq.o
 .debug_frame   0x00002db8      0x10c ./Middlewares/ST/STM32_USB_Device_Library/Core/Src/usbd_ioreq.o
 .debug_frame   0x00002ec4       0x2c ./USB_DEVICE/App/usb_device.o
 .debug_frame   0x00002ef0       0xe4 ./USB_DEVICE/App/usbd_cdc_if.o
 .debug_frame   0x00002fd4      0x160 ./USB_DEVICE/App/usbd_desc.o
 .debug_frame   0x00003134      0x47c ./USB_DEVICE/Target/usbd_conf.o
 .debug_frame   0x000035b0       0x20 /opt/st/stm32cubeide_1.16.1_3/plugins/com.st.stm32cube.ide.mcu.externaltools.gnu-tools-for-stm32.12.3.rel1.linux64_1.0.200.202406132123/tools/bin/../lib/gcc/arm-none-eabi/12.3.1/../../../../arm-none-eabi/lib/thumb/v7e-m+fp/hard/libc_nano.a(libc_a-memset.o)
 .debug_frame   0x000035d0       0x2c /opt/st/stm32cubeide_1.16.1_3/plugins/com.st.stm32cube.ide.mcu.externaltools.gnu-tools-for-stm32.12.3.rel1.linux64_1.0.200.202406132123/tools/bin/../lib/gcc/arm-none-eabi/12.3.1/../../../../arm-none-eabi/lib/thumb/v7e-m+fp/hard/libc_nano.a(libc_a-init.o)
 .debug_frame   0x000035fc       0x2c /opt/st/stm32cubeide_1.16.1_3/plugins/com.st.stm32cube.ide.mcu.externaltools.gnu-tools-for-stm32.12.3.rel1.linux64_1.0.200.202406132123/tools/bin/../lib/gcc/arm-none-eabi/12.3.1/thumb/v7e-m+fp/hard/libgcc.a(_aeabi_uldivmod.o)
 .debug_frame   0x00003628       0x34 /opt/st/stm32cubeide_1.16.1_3/plugins/com.st.stm32cube.ide.mcu.externaltools.gnu-tools-for-stm32.12.3.rel1.linux64_1.0.200.202406132123/tools/bin/../lib/gcc/arm-none-eabi/12.3.1/thumb/v7e-m+fp/hard/libgcc.a(_udivmoddi4.o)

.debug_line_str
                0x00000000       0x52
 .debug_line_str
                0x00000000       0x52 ./Core/Startup/startup_stm32f401retx.o
